09-20 12:59:12.615 15020 15043 I TestRunner: started: clicking_vertical_list_button_displays_vertical_list(com.example.dogglers.ButtonTests)
09-20 12:59:12.647 15020 15043 W Settings: Setting always_finish_activities has moved from android.provider.Settings.System to android.provider.Settings.Global, returning read-only value.
09-20 12:59:12.687   957  1045 D SplashScreenView: Build android.window.SplashScreenView{5922684 V.E...... ......ID 0,0-0,0}
09-20 12:59:12.687   957  1045 D SplashScreenView: Icon: view: null drawable: null size: 0
09-20 12:59:12.687   957  1045 D SplashScreenView: Branding: view: android.view.View{50ece6d G.ED..... ......I. 0,0-0,0 #10204a6 android:id/splashscreen_branding_view} drawable: null size w: 0 h: 0
09-20 12:59:12.739 15020 15020 D LifecycleMonitor: Lifecycle status change: androidx.test.core.app.InstrumentationActivityInvoker$BootstrapActivity@87b9a34 in: PRE_ON_CREATE
09-20 12:59:12.739 15020 15020 V ActivityScenario: Activity lifecycle changed event received but ignored because the intent does not match. startActivityIntent=Intent { act=android.intent.action.MAIN cat=[android.intent.category.LAUNCHER] cmp=com.example.dogglers/.MainActivity }, activity.getIntent()=Intent { act=android.intent.action.MAIN cat=[android.intent.category.LAUNCHER] flg=0x10008000 cmp=com.example.dogglers/androidx.test.core.app.InstrumentationActivityInvoker$BootstrapActivity (has extras) }, activity=androidx.test.core.app.InstrumentationActivityInvoker$BootstrapActivity@87b9a34
09-20 12:59:12.777 15020 15020 D LifecycleMonitor: Lifecycle status change: androidx.test.core.app.InstrumentationActivityInvoker$BootstrapActivity@87b9a34 in: CREATED
09-20 12:59:12.778 15020 15020 V ActivityScenario: Activity lifecycle changed event received but ignored because the intent does not match. startActivityIntent=Intent { act=android.intent.action.MAIN cat=[android.intent.category.LAUNCHER] cmp=com.example.dogglers/.MainActivity }, activity.getIntent()=Intent { act=android.intent.action.MAIN cat=[android.intent.category.LAUNCHER] flg=0x10008000 cmp=com.example.dogglers/androidx.test.core.app.InstrumentationActivityInvoker$BootstrapActivity (has extras) }, activity=androidx.test.core.app.InstrumentationActivityInvoker$BootstrapActivity@87b9a34
09-20 12:59:12.779 15020 15020 D LifecycleMonitor: Lifecycle status change: androidx.test.core.app.InstrumentationActivityInvoker$BootstrapActivity@87b9a34 in: STARTED
09-20 12:59:12.780 15020 15020 V ActivityScenario: Activity lifecycle changed event received but ignored because the intent does not match. startActivityIntent=Intent { act=android.intent.action.MAIN cat=[android.intent.category.LAUNCHER] cmp=com.example.dogglers/.MainActivity }, activity.getIntent()=Intent { act=android.intent.action.MAIN cat=[android.intent.category.LAUNCHER] flg=0x10008000 cmp=com.example.dogglers/androidx.test.core.app.InstrumentationActivityInvoker$BootstrapActivity (has extras) }, activity=androidx.test.core.app.InstrumentationActivityInvoker$BootstrapActivity@87b9a34
09-20 12:59:12.788   341   440 D goldfish-address-space: claimShared: Ask to claim region [0x3f0000000 0x3f09a4000]
09-20 12:59:12.818  2858  2858 I GsaVoiceInteractionSrv: Handling ACTION_STOP_HOTWORD
09-20 12:59:12.820   341   440 D goldfish-address-space: claimShared: Ask to claim region [0x3f2cbc000 0x3f3660000]
09-20 12:59:12.822   341   440 D goldfish-address-space: claimShared: Ask to claim region [0x3f7167000 0x3f7b0b000]
09-20 12:59:12.822 15020 15020 D LifecycleMonitor: Lifecycle status change: androidx.test.core.app.InstrumentationActivityInvoker$BootstrapActivity@87b9a34 in: RESUMED
09-20 12:59:12.823 15020 15020 V ActivityScenario: Activity lifecycle changed event received but ignored because the intent does not match. startActivityIntent=Intent { act=android.intent.action.MAIN cat=[android.intent.category.LAUNCHER] cmp=com.example.dogglers/.MainActivity }, activity.getIntent()=Intent { act=android.intent.action.MAIN cat=[android.intent.category.LAUNCHER] flg=0x10008000 cmp=com.example.dogglers/androidx.test.core.app.InstrumentationActivityInvoker$BootstrapActivity (has extras) }, activity=androidx.test.core.app.InstrumentationActivityInvoker$BootstrapActivity@87b9a34
09-20 12:59:12.829  2858  2858 E HwDetectorWithState: a: 3
09-20 12:59:12.846 15020 15020 D LifecycleMonitor: Lifecycle status change: androidx.test.core.app.InstrumentationActivityInvoker$BootstrapActivity@87b9a34 in: PAUSED
09-20 12:59:12.846 15020 15020 V ActivityScenario: Activity lifecycle changed event received but ignored because the intent does not match. startActivityIntent=Intent { act=android.intent.action.MAIN cat=[android.intent.category.LAUNCHER] cmp=com.example.dogglers/.MainActivity }, activity.getIntent()=Intent { act=android.intent.action.MAIN cat=[android.intent.category.LAUNCHER] flg=0x10008000 cmp=com.example.dogglers/androidx.test.core.app.InstrumentationActivityInvoker$BootstrapActivity (has extras) }, activity=androidx.test.core.app.InstrumentationActivityInvoker$BootstrapActivity@87b9a34
09-20 12:59:12.900 15020 15020 D LifecycleMonitor: Lifecycle status change: com.example.dogglers.MainActivity@46fc51e in: PRE_ON_CREATE
09-20 12:59:12.901 15020 15020 V ActivityScenario: Activity lifecycle changed event received but ignored because the reported transition was not ON_CREATE while the last known transition was PRE_ON_CREATE
09-20 12:59:13.006 15020 15020 D LifecycleMonitor: Lifecycle status change: com.example.dogglers.MainActivity@46fc51e in: CREATED
09-20 12:59:13.012 15020 15020 V ActivityScenario: Update currentActivityStage to CREATED, currentActivity=com.example.dogglers.MainActivity@46fc51e
09-20 12:59:13.017 15020 15020 D LifecycleMonitor: Lifecycle status change: com.example.dogglers.MainActivity@46fc51e in: STARTED
09-20 12:59:13.017 15020 15020 V ActivityScenario: Update currentActivityStage to STARTED, currentActivity=com.example.dogglers.MainActivity@46fc51e
09-20 12:59:13.019 15020 15020 D LifecycleMonitor: Lifecycle status change: com.example.dogglers.MainActivity@46fc51e in: RESUMED
09-20 12:59:13.020 15020 15020 V ActivityScenario: Update currentActivityStage to RESUMED, currentActivity=com.example.dogglers.MainActivity@46fc51e
09-20 12:59:13.069   341   440 D goldfish-address-space: claimShared: Ask to claim region [0x3f09a4000 0x3f1348000]
09-20 12:59:13.089   341   440 D goldfish-address-space: claimShared: Ask to claim region [0x3f1348000 0x3f1cec000]
09-20 12:59:13.103   341   440 D goldfish-address-space: claimShared: Ask to claim region [0x3f1cec000 0x3f2690000]
09-20 12:59:13.231  2835  2835 I GoogleInputMethodService: GoogleInputMethodService.onFinishInput():3420
09-20 12:59:13.231  2835  2835 I GoogleInputMethodService: GoogleInputMethodService.onStartInput():2002
09-20 12:59:13.232   957  1047 D EGL_emulation: app_time_stats: avg=27.40ms min=2.08ms max=421.70ms count=26
09-20 12:59:13.234  2835  2835 I DeviceUnlockedTag: DeviceUnlockedTag.notifyDeviceLockStatusChanged():31 Notify device unlocked.
09-20 12:59:13.289 15020 15020 I ViewInteraction: Performing 'single click' action on view view.getId() is <2131231200/com.example.dogglers:id/vertical_btn>
09-20 12:59:13.422 15020 15020 D LifecycleMonitor: Lifecycle status change: androidx.test.core.app.InstrumentationActivityInvoker$BootstrapActivity@87b9a34 in: STOPPED
09-20 12:59:13.424 15020 15020 V ActivityScenario: Activity lifecycle changed event received but ignored because the intent does not match. startActivityIntent=Intent { act=android.intent.action.MAIN cat=[android.intent.category.LAUNCHER] cmp=com.example.dogglers/.MainActivity }, activity.getIntent()=Intent { act=android.intent.action.MAIN cat=[android.intent.category.LAUNCHER] flg=0x10008000 cmp=com.example.dogglers/androidx.test.core.app.InstrumentationActivityInvoker$BootstrapActivity (has extras) }, activity=androidx.test.core.app.InstrumentationActivityInvoker$BootstrapActivity@87b9a34
09-20 12:59:13.508   370   506 D AudioFlinger: mixer(0x76e38f450a70) throttle end: throttle time(11)
09-20 12:59:13.537 15020 15020 D LifecycleMonitor: Lifecycle status change: com.example.dogglers.MainActivity@46fc51e in: PAUSED
09-20 12:59:13.539 15020 15020 V ActivityScenario: Update currentActivityStage to PAUSED, currentActivity=com.example.dogglers.MainActivity@46fc51e
09-20 12:59:13.656   565  1909 W InputManager-JNI: Input channel object '1c0540f Splash Screen com.example.dogglers (client)' was disposed without first being removed with the input manager!
09-20 12:59:13.679 15020 15020 D LifecycleMonitor: Lifecycle status change: com.example.dogglers.VerticalListActivity@3ab1397 in: PRE_ON_CREATE
09-20 12:59:13.680 15020 15020 V ActivityScenario: Activity lifecycle changed event received but ignored because the intent does not match. startActivityIntent=Intent { act=android.intent.action.MAIN cat=[android.intent.category.LAUNCHER] cmp=com.example.dogglers/.MainActivity }, activity.getIntent()=Intent { cmp=com.example.dogglers/.VerticalListActivity }, activity=com.example.dogglers.VerticalListActivity@3ab1397
09-20 12:59:13.825 15020 15020 D LifecycleMonitor: Lifecycle status change: com.example.dogglers.VerticalListActivity@3ab1397 in: CREATED
09-20 12:59:13.846 15020 15020 V ActivityScenario: Activity lifecycle changed event received but ignored because the intent does not match. startActivityIntent=Intent { act=android.intent.action.MAIN cat=[android.intent.category.LAUNCHER] cmp=com.example.dogglers/.MainActivity }, activity.getIntent()=Intent { cmp=com.example.dogglers/.VerticalListActivity }, activity=com.example.dogglers.VerticalListActivity@3ab1397
09-20 12:59:13.865 15020 15020 D LifecycleMonitor: Lifecycle status change: com.example.dogglers.VerticalListActivity@3ab1397 in: STARTED
09-20 12:59:13.870 15020 15020 V ActivityScenario: Activity lifecycle changed event received but ignored because the intent does not match. startActivityIntent=Intent { act=android.intent.action.MAIN cat=[android.intent.category.LAUNCHER] cmp=com.example.dogglers/.MainActivity }, activity.getIntent()=Intent { cmp=com.example.dogglers/.VerticalListActivity }, activity=com.example.dogglers.VerticalListActivity@3ab1397
09-20 12:59:13.876 15020 15020 D LifecycleMonitor: Lifecycle status change: com.example.dogglers.VerticalListActivity@3ab1397 in: RESUMED
09-20 12:59:13.879 15020 15020 V ActivityScenario: Activity lifecycle changed event received but ignored because the intent does not match. startActivityIntent=Intent { act=android.intent.action.MAIN cat=[android.intent.category.LAUNCHER] cmp=com.example.dogglers/.MainActivity }, activity.getIntent()=Intent { cmp=com.example.dogglers/.VerticalListActivity }, activity=com.example.dogglers.VerticalListActivity@3ab1397
09-20 12:59:14.219 15020 15045 D EGL_emulation: app_time_stats: avg=20.51ms min=4.38ms max=104.85ms count=34
09-20 12:59:14.223   341   440 D goldfish-address-space: claimShared: Ask to claim region [0x3f0000000 0x3f09a4000]
09-20 12:59:14.244   341   440 D goldfish-address-space: claimShared: Ask to claim region [0x3f2cbc000 0x3f3660000]
09-20 12:59:14.247   957  1047 D EGL_emulation: app_time_stats: avg=27.88ms min=2.68ms max=105.43ms count=29
09-20 12:59:14.254   341   440 D goldfish-address-space: claimShared: Ask to claim region [0x3f7167000 0x3f7b0b000]
09-20 12:59:14.287   565   579 I system_server: NativeAlloc concurrent copying GC freed 357177(16MB) AllocSpace objects, 60(6196KB) LOS objects, 50% free, 18MB/37MB, paused 423us,329us total 1.631s
09-20 12:59:14.415   565   612 I ActivityTaskManager: Displayed com.example.dogglers/.VerticalListActivity: +1s705ms
09-20 12:59:14.550  2835  2835 I GoogleInputMethodService: GoogleInputMethodService.onFinishInput():3420
09-20 12:59:14.551  2835  2835 I GoogleInputMethodService: GoogleInputMethodService.onStartInput():2002
09-20 12:59:14.553  2835  2835 I DeviceUnlockedTag: DeviceUnlockedTag.notifyDeviceLockStatusChanged():31 Notify device unlocked.
09-20 12:59:14.849 15020 15020 I ViewInteraction: Checking 'MatchesViewAssertion{viewMatcher=(view has effective visibility <VISIBLE> and view.getGlobalVisibleRect() to return non-empty rectangle)}' assertion on view view.getId() is <2131231202/com.example.dogglers:id/vertical_recycler_view>
09-20 12:59:14.880 15020 15020 D LifecycleMonitor: Lifecycle status change: com.example.dogglers.VerticalListActivity@3ab1397 in: PAUSED
09-20 12:59:14.902 15020 15020 V ActivityScenario: Activity lifecycle changed event received but ignored because the intent does not match. startActivityIntent=Intent { act=android.intent.action.MAIN cat=[android.intent.category.LAUNCHER] cmp=com.example.dogglers/.MainActivity }, activity.getIntent()=Intent { cmp=com.example.dogglers/.VerticalListActivity }, activity=com.example.dogglers.VerticalListActivity@3ab1397
09-20 12:59:14.996 15020 15020 D LifecycleMonitor: Lifecycle status change: androidx.test.core.app.InstrumentationActivityInvoker$EmptyActivity@96de613 in: PRE_ON_CREATE
09-20 12:59:15.001 15020 15020 V ActivityScenario: Activity lifecycle changed event received but ignored because the intent does not match. startActivityIntent=Intent { act=android.intent.action.MAIN cat=[android.intent.category.LAUNCHER] cmp=com.example.dogglers/.MainActivity }, activity.getIntent()=Intent { act=android.intent.action.MAIN cat=[android.intent.category.LAUNCHER] flg=0x10000000 cmp=com.example.dogglers/androidx.test.core.app.InstrumentationActivityInvoker$EmptyActivity }, activity=androidx.test.core.app.InstrumentationActivityInvoker$EmptyActivity@96de613
09-20 12:59:15.031 15020 15020 D LifecycleMonitor: Lifecycle status change: androidx.test.core.app.InstrumentationActivityInvoker$EmptyActivity@96de613 in: CREATED
09-20 12:59:15.035 15020 15020 V ActivityScenario: Activity lifecycle changed event received but ignored because the intent does not match. startActivityIntent=Intent { act=android.intent.action.MAIN cat=[android.intent.category.LAUNCHER] cmp=com.example.dogglers/.MainActivity }, activity.getIntent()=Intent { act=android.intent.action.MAIN cat=[android.intent.category.LAUNCHER] flg=0x10000000 cmp=com.example.dogglers/androidx.test.core.app.InstrumentationActivityInvoker$EmptyActivity }, activity=androidx.test.core.app.InstrumentationActivityInvoker$EmptyActivity@96de613
09-20 12:59:15.041 15020 15020 D LifecycleMonitor: Lifecycle status change: androidx.test.core.app.InstrumentationActivityInvoker$EmptyActivity@96de613 in: STARTED
09-20 12:59:15.044 15020 15020 V ActivityScenario: Activity lifecycle changed event received but ignored because the intent does not match. startActivityIntent=Intent { act=android.intent.action.MAIN cat=[android.intent.category.LAUNCHER] cmp=com.example.dogglers/.MainActivity }, activity.getIntent()=Intent { act=android.intent.action.MAIN cat=[android.intent.category.LAUNCHER] flg=0x10000000 cmp=com.example.dogglers/androidx.test.core.app.InstrumentationActivityInvoker$EmptyActivity }, activity=androidx.test.core.app.InstrumentationActivityInvoker$EmptyActivity@96de613
09-20 12:59:15.050 15020 15020 D LifecycleMonitor: Lifecycle status change: androidx.test.core.app.InstrumentationActivityInvoker$EmptyActivity@96de613 in: RESUMED
09-20 12:59:15.052 15020 15020 V ActivityScenario: Activity lifecycle changed event received but ignored because the intent does not match. startActivityIntent=Intent { act=android.intent.action.MAIN cat=[android.intent.category.LAUNCHER] cmp=com.example.dogglers/.MainActivity }, activity.getIntent()=Intent { act=android.intent.action.MAIN cat=[android.intent.category.LAUNCHER] flg=0x10000000 cmp=com.example.dogglers/androidx.test.core.app.InstrumentationActivityInvoker$EmptyActivity }, activity=androidx.test.core.app.InstrumentationActivityInvoker$EmptyActivity@96de613
09-20 12:59:15.072 15020 15020 D LifecycleMonitor: Lifecycle status change: com.example.dogglers.MainActivity@46fc51e in: STOPPED
09-20 12:59:15.088 15020 15020 V ActivityScenario: Update currentActivityStage to STOPPED, currentActivity=com.example.dogglers.MainActivity@46fc51e
09-20 12:59:15.159   341   440 D goldfish-address-space: claimShared: Ask to claim region [0x3f09a4000 0x3f1348000]
09-20 12:59:15.177   341   440 D goldfish-address-space: claimShared: Ask to claim region [0x3f1348000 0x3f1cec000]
09-20 12:59:15.202   341   440 D goldfish-address-space: claimShared: Ask to claim region [0x3f4000000 0x3f49a4000]
09-20 12:59:15.252   565   612 I ActivityTaskManager: Displayed com.example.dogglers/androidx.test.core.app.InstrumentationActivityInvoker$EmptyActivity: +390ms
09-20 12:59:15.350 15020 15020 D LifecycleMonitor: Lifecycle status change: com.example.dogglers.VerticalListActivity@3ab1397 in: STOPPED
09-20 12:59:15.351 15020 15020 V ActivityScenario: Activity lifecycle changed event received but ignored because the intent does not match. startActivityIntent=Intent { act=android.intent.action.MAIN cat=[android.intent.category.LAUNCHER] cmp=com.example.dogglers/.MainActivity }, activity.getIntent()=Intent { cmp=com.example.dogglers/.VerticalListActivity }, activity=com.example.dogglers.VerticalListActivity@3ab1397
09-20 12:59:15.359 15020 15020 D LifecycleMonitor: Lifecycle status change: com.example.dogglers.MainActivity@46fc51e in: DESTROYED
09-20 12:59:15.360 15020 15020 V ActivityScenario: Update currentActivityStage to DESTROYED, currentActivity=null
09-20 12:59:15.381   565  2675 W InputManager-JNI: Input channel object 'c7fc393 com.example.dogglers/com.example.dogglers.MainActivity (client)' was disposed without first being removed with the input manager!
09-20 12:59:15.419  2835  2835 I GoogleInputMethodService: GoogleInputMethodService.onFinishInput():3420
09-20 12:59:15.419  2835  2835 I GoogleInputMethodService: GoogleInputMethodService.onStartInput():2002
09-20 12:59:15.444  2835  2835 I DeviceUnlockedTag: DeviceUnlockedTag.notifyDeviceLockStatusChanged():31 Notify device unlocked.
09-20 12:59:15.519 15020 15020 D LifecycleMonitor: Lifecycle status change: androidx.test.core.app.InstrumentationActivityInvoker$EmptyActivity@96de613 in: PAUSED
09-20 12:59:15.519 15020 15020 V ActivityScenario: Activity lifecycle changed event received but ignored because the intent does not match. startActivityIntent=Intent { act=android.intent.action.MAIN cat=[android.intent.category.LAUNCHER] cmp=com.example.dogglers/.MainActivity }, activity.getIntent()=Intent { act=android.intent.action.MAIN cat=[android.intent.category.LAUNCHER] flg=0x10000000 cmp=com.example.dogglers/androidx.test.core.app.InstrumentationActivityInvoker$EmptyActivity }, activity=androidx.test.core.app.InstrumentationActivityInvoker$EmptyActivity@96de613
09-20 12:59:15.547 15020 15020 D LifecycleMonitor: Lifecycle status change: androidx.test.core.app.InstrumentationActivityInvoker$BootstrapActivity@87b9a34 in: DESTROYED
09-20 12:59:15.548 15020 15020 V ActivityScenario: Activity lifecycle changed event received but ignored because the intent does not match. startActivityIntent=Intent { act=android.intent.action.MAIN cat=[android.intent.category.LAUNCHER] cmp=com.example.dogglers/.MainActivity }, activity.getIntent()=Intent { act=android.intent.action.MAIN cat=[android.intent.category.LAUNCHER] flg=0x10008000 cmp=com.example.dogglers/androidx.test.core.app.InstrumentationActivityInvoker$BootstrapActivity (has extras) }, activity=androidx.test.core.app.InstrumentationActivityInvoker$BootstrapActivity@87b9a34
09-20 12:59:15.570 15020 15020 D LifecycleMonitor: Lifecycle status change: androidx.test.core.app.InstrumentationActivityInvoker$EmptyActivity@aaf0d80 in: PRE_ON_CREATE
09-20 12:59:15.571 15020 15020 V ActivityScenario: Activity lifecycle changed event received but ignored because the intent does not match. startActivityIntent=Intent { act=android.intent.action.MAIN cat=[android.intent.category.LAUNCHER] cmp=com.example.dogglers/.MainActivity }, activity.getIntent()=Intent { act=android.intent.action.MAIN cat=[android.intent.category.LAUNCHER] flg=0x10000000 cmp=com.example.dogglers/androidx.test.core.app.InstrumentationActivityInvoker$EmptyActivity }, activity=androidx.test.core.app.InstrumentationActivityInvoker$EmptyActivity@aaf0d80
09-20 12:59:15.600 15020 15020 D LifecycleMonitor: Lifecycle status change: androidx.test.core.app.InstrumentationActivityInvoker$EmptyActivity@aaf0d80 in: CREATED
09-20 12:59:15.601 15020 15020 V ActivityScenario: Activity lifecycle changed event received but ignored because the intent does not match. startActivityIntent=Intent { act=android.intent.action.MAIN cat=[android.intent.category.LAUNCHER] cmp=com.example.dogglers/.MainActivity }, activity.getIntent()=Intent { act=android.intent.action.MAIN cat=[android.intent.category.LAUNCHER] flg=0x10000000 cmp=com.example.dogglers/androidx.test.core.app.InstrumentationActivityInvoker$EmptyActivity }, activity=androidx.test.core.app.InstrumentationActivityInvoker$EmptyActivity@aaf0d80
09-20 12:59:15.606 15020 15020 D LifecycleMonitor: Lifecycle status change: androidx.test.core.app.InstrumentationActivityInvoker$EmptyActivity@aaf0d80 in: STARTED
09-20 12:59:15.607 15020 15020 V ActivityScenario: Activity lifecycle changed event received but ignored because the intent does not match. startActivityIntent=Intent { act=android.intent.action.MAIN cat=[android.intent.category.LAUNCHER] cmp=com.example.dogglers/.MainActivity }, activity.getIntent()=Intent { act=android.intent.action.MAIN cat=[android.intent.category.LAUNCHER] flg=0x10000000 cmp=com.example.dogglers/androidx.test.core.app.InstrumentationActivityInvoker$EmptyActivity }, activity=androidx.test.core.app.InstrumentationActivityInvoker$EmptyActivity@aaf0d80
09-20 12:59:15.615 15020 15020 D LifecycleMonitor: Lifecycle status change: androidx.test.core.app.InstrumentationActivityInvoker$EmptyActivity@aaf0d80 in: RESUMED
09-20 12:59:15.618 15020 15020 V ActivityScenario: Activity lifecycle changed event received but ignored because the intent does not match. startActivityIntent=Intent { act=android.intent.action.MAIN cat=[android.intent.category.LAUNCHER] cmp=com.example.dogglers/.MainActivity }, activity.getIntent()=Intent { act=android.intent.action.MAIN cat=[android.intent.category.LAUNCHER] flg=0x10000000 cmp=com.example.dogglers/androidx.test.core.app.InstrumentationActivityInvoker$EmptyActivity }, activity=androidx.test.core.app.InstrumentationActivityInvoker$EmptyActivity@aaf0d80
09-20 12:59:15.699   341   440 D goldfish-address-space: claimShared: Ask to claim region [0x3f0000000 0x3f09a4000]
09-20 12:59:15.707   341   440 D goldfish-address-space: claimShared: Ask to claim region [0x3f1cec000 0x3f2690000]
09-20 12:59:15.715   341   440 D goldfish-address-space: claimShared: Ask to claim region [0x3f2cbc000 0x3f3660000]
09-20 12:59:15.752   565   612 I ActivityTaskManager: Displayed com.example.dogglers/androidx.test.core.app.InstrumentationActivityInvoker$EmptyActivity: +437ms
09-20 12:59:15.804   341   440 D goldfish-address-space: claimShared: Ask to claim region [0x3f1348000 0x3f1974000]
09-20 12:59:15.838 15020 15020 D LifecycleMonitor: Lifecycle status change: androidx.test.core.app.InstrumentationActivityInvoker$EmptyActivity@96de613 in: STOPPED
09-20 12:59:15.838 15020 15020 V ActivityScenario: Activity lifecycle changed event received but ignored because the intent does not match. startActivityIntent=Intent { act=android.intent.action.MAIN cat=[android.intent.category.LAUNCHER] cmp=com.example.dogglers/.MainActivity }, activity.getIntent()=Intent { act=android.intent.action.MAIN cat=[android.intent.category.LAUNCHER] flg=0x10000000 cmp=com.example.dogglers/androidx.test.core.app.InstrumentationActivityInvoker$EmptyActivity }, activity=androidx.test.core.app.InstrumentationActivityInvoker$EmptyActivity@96de613
09-20 12:59:15.875 15020 15020 D LifecycleMonitor: Lifecycle status change: androidx.test.core.app.InstrumentationActivityInvoker$EmptyActivity@96de613 in: DESTROYED
09-20 12:59:15.875 15020 15020 V ActivityScenario: Activity lifecycle changed event received but ignored because the intent does not match. startActivityIntent=Intent { act=android.intent.action.MAIN cat=[android.intent.category.LAUNCHER] cmp=com.example.dogglers/.MainActivity }, activity.getIntent()=Intent { act=android.intent.action.MAIN cat=[android.intent.category.LAUNCHER] flg=0x10000000 cmp=com.example.dogglers/androidx.test.core.app.InstrumentationActivityInvoker$EmptyActivity }, activity=androidx.test.core.app.InstrumentationActivityInvoker$EmptyActivity@96de613
09-20 12:59:15.886   565  1040 W InputManager-JNI: Input channel object 'f591bc com.example.dogglers/androidx.test.core.app.InstrumentationActivityInvoker$EmptyActivity (client)' was disposed without first being removed with the input manager!
09-20 12:59:15.920 15020 15020 D LifecycleMonitor: Lifecycle status change: androidx.test.core.app.InstrumentationActivityInvoker$EmptyActivity@aaf0d80 in: PAUSED
09-20 12:59:15.920 15020 15020 V ActivityScenario: Activity lifecycle changed event received but ignored because the intent does not match. startActivityIntent=Intent { act=android.intent.action.MAIN cat=[android.intent.category.LAUNCHER] cmp=com.example.dogglers/.MainActivity }, activity.getIntent()=Intent { act=android.intent.action.MAIN cat=[android.intent.category.LAUNCHER] flg=0x10000000 cmp=com.example.dogglers/androidx.test.core.app.InstrumentationActivityInvoker$EmptyActivity }, activity=androidx.test.core.app.InstrumentationActivityInvoker$EmptyActivity@aaf0d80
09-20 12:59:15.953 15020 15020 D LifecycleMonitor: Lifecycle status change: com.example.dogglers.VerticalListActivity@3ab1397 in: RESTARTED
09-20 12:59:15.954 15020 15020 V ActivityScenario: Activity lifecycle changed event received but ignored because the intent does not match. startActivityIntent=Intent { act=android.intent.action.MAIN cat=[android.intent.category.LAUNCHER] cmp=com.example.dogglers/.MainActivity }, activity.getIntent()=Intent { cmp=com.example.dogglers/.VerticalListActivity }, activity=com.example.dogglers.VerticalListActivity@3ab1397
09-20 12:59:15.955 15020 15020 D LifecycleMonitor: Lifecycle status change: com.example.dogglers.VerticalListActivity@3ab1397 in: STARTED
09-20 12:59:15.960 15020 15020 V ActivityScenario: Activity lifecycle changed event received but ignored because the intent does not match. startActivityIntent=Intent { act=android.intent.action.MAIN cat=[android.intent.category.LAUNCHER] cmp=com.example.dogglers/.MainActivity }, activity.getIntent()=Intent { cmp=com.example.dogglers/.VerticalListActivity }, activity=com.example.dogglers.VerticalListActivity@3ab1397
09-20 12:59:15.965 15020 15020 D LifecycleMonitor: Lifecycle status change: com.example.dogglers.VerticalListActivity@3ab1397 in: RESUMED
09-20 12:59:15.965 15020 15020 V ActivityScenario: Activity lifecycle changed event received but ignored because the intent does not match. startActivityIntent=Intent { act=android.intent.action.MAIN cat=[android.intent.category.LAUNCHER] cmp=com.example.dogglers/.MainActivity }, activity.getIntent()=Intent { cmp=com.example.dogglers/.VerticalListActivity }, activity=com.example.dogglers.VerticalListActivity@3ab1397
09-20 12:59:16.015   341   440 D goldfish-address-space: claimShared: Ask to claim region [0x3f09a4000 0x3f1348000]
09-20 12:59:16.043   341   440 D goldfish-address-space: claimShared: Ask to claim region [0x3f6b3b000 0x3f74df000]
09-20 12:59:16.046   341   440 D goldfish-address-space: claimShared: Ask to claim region [0x3f74df000 0x3f7e83000]
09-20 12:59:16.134 15020 15020 D LifecycleMonitor: Lifecycle status change: androidx.test.core.app.InstrumentationActivityInvoker$EmptyActivity@aaf0d80 in: STOPPED
09-20 12:59:16.134 15020 15020 V ActivityScenario: Activity lifecycle changed event received but ignored because the intent does not match. startActivityIntent=Intent { act=android.intent.action.MAIN cat=[android.intent.category.LAUNCHER] cmp=com.example.dogglers/.MainActivity }, activity.getIntent()=Intent { act=android.intent.action.MAIN cat=[android.intent.category.LAUNCHER] flg=0x10000000 cmp=com.example.dogglers/androidx.test.core.app.InstrumentationActivityInvoker$EmptyActivity }, activity=androidx.test.core.app.InstrumentationActivityInvoker$EmptyActivity@aaf0d80
09-20 12:59:16.139 15020 15020 D LifecycleMonitor: Lifecycle status change: androidx.test.core.app.InstrumentationActivityInvoker$EmptyActivity@aaf0d80 in: DESTROYED
09-20 12:59:16.139 15020 15020 V ActivityScenario: Activity lifecycle changed event received but ignored because the intent does not match. startActivityIntent=Intent { act=android.intent.action.MAIN cat=[android.intent.category.LAUNCHER] cmp=com.example.dogglers/.MainActivity }, activity.getIntent()=Intent { act=android.intent.action.MAIN cat=[android.intent.category.LAUNCHER] flg=0x10000000 cmp=com.example.dogglers/androidx.test.core.app.InstrumentationActivityInvoker$EmptyActivity }, activity=androidx.test.core.app.InstrumentationActivityInvoker$EmptyActivity@aaf0d80
09-20 12:59:16.147   565  2684 W InputManager-JNI: Input channel object 'a400f16 com.example.dogglers/androidx.test.core.app.InstrumentationActivityInvoker$EmptyActivity (client)' was disposed without first being removed with the input manager!
09-20 12:59:16.170  2835  2835 I GoogleInputMethodService: GoogleInputMethodService.onFinishInput():3420
09-20 12:59:16.171  2835  2835 I GoogleInputMethodService: GoogleInputMethodService.onStartInput():2002
09-20 12:59:16.174  2835  2835 I DeviceUnlockedTag: DeviceUnlockedTag.notifyDeviceLockStatusChanged():31 Notify device unlocked.
09-20 12:59:16.304 15020 15043 I TestRunner: finished: clicking_vertical_list_button_displays_vertical_list(com.example.dogglers.ButtonTests)
