09-20 12:59:36.282 15020 15043 I TestRunner: started: horizontal_scroll_content_at_first_position(com.example.dogglers.HorizontalListTests)
09-20 12:59:36.286   565  2675 W InputManager-JNI: Input channel object '60dfa0e com.example.dogglers/androidx.test.core.app.InstrumentationActivityInvoker$EmptyActivity (client)' was disposed without first being removed with the input manager!
09-20 12:59:36.317 15020 15043 W Settings: Setting always_finish_activities has moved from android.provider.Settings.System to android.provider.Settings.Global, returning read-only value.
09-20 12:59:36.341   957  1045 D SplashScreenView: Build android.window.SplashScreenView{c86a078 V.E...... ......ID 0,0-0,0}
09-20 12:59:36.341   957  1045 D SplashScreenView: Icon: view: null drawable: null size: 0
09-20 12:59:36.341   957  1045 D SplashScreenView: Branding: view: android.view.View{f071351 G.ED..... ......I. 0,0-0,0 #10204a6 android:id/splashscreen_branding_view} drawable: null size w: 0 h: 0
09-20 12:59:36.370 15020 15020 D LifecycleMonitor: Lifecycle status change: androidx.test.core.app.InstrumentationActivityInvoker$BootstrapActivity@db485f6 in: PRE_ON_CREATE
09-20 12:59:36.370 15020 15020 V ActivityScenario: Activity lifecycle changed event received but ignored because the intent does not match. startActivityIntent=Intent { act=android.intent.action.MAIN cat=[android.intent.category.LAUNCHER] cmp=com.example.dogglers/.HorizontalListActivity }, activity.getIntent()=Intent { act=android.intent.action.MAIN cat=[android.intent.category.LAUNCHER] flg=0x10008000 cmp=com.example.dogglers/androidx.test.core.app.InstrumentationActivityInvoker$BootstrapActivity (has extras) }, activity=androidx.test.core.app.InstrumentationActivityInvoker$BootstrapActivity@db485f6
09-20 12:59:36.383   341   440 D goldfish-address-space: claimShared: Ask to claim region [0x3f0000000 0x3f09a4000]
09-20 12:59:36.389   341   440 D goldfish-address-space: claimShared: Ask to claim region [0x3f1c28000 0x3f25cc000]
09-20 12:59:36.397 15020 15020 D LifecycleMonitor: Lifecycle status change: androidx.test.core.app.InstrumentationActivityInvoker$BootstrapActivity@db485f6 in: CREATED
09-20 12:59:36.397 15020 15020 V ActivityScenario: Activity lifecycle changed event received but ignored because the intent does not match. startActivityIntent=Intent { act=android.intent.action.MAIN cat=[android.intent.category.LAUNCHER] cmp=com.example.dogglers/.HorizontalListActivity }, activity.getIntent()=Intent { act=android.intent.action.MAIN cat=[android.intent.category.LAUNCHER] flg=0x10008000 cmp=com.example.dogglers/androidx.test.core.app.InstrumentationActivityInvoker$BootstrapActivity (has extras) }, activity=androidx.test.core.app.InstrumentationActivityInvoker$BootstrapActivity@db485f6
09-20 12:59:36.400 15020 15020 D LifecycleMonitor: Lifecycle status change: androidx.test.core.app.InstrumentationActivityInvoker$BootstrapActivity@db485f6 in: STARTED
09-20 12:59:36.401 15020 15020 V ActivityScenario: Activity lifecycle changed event received but ignored because the intent does not match. startActivityIntent=Intent { act=android.intent.action.MAIN cat=[android.intent.category.LAUNCHER] cmp=com.example.dogglers/.HorizontalListActivity }, activity.getIntent()=Intent { act=android.intent.action.MAIN cat=[android.intent.category.LAUNCHER] flg=0x10008000 cmp=com.example.dogglers/androidx.test.core.app.InstrumentationActivityInvoker$BootstrapActivity (has extras) }, activity=androidx.test.core.app.InstrumentationActivityInvoker$BootstrapActivity@db485f6
09-20 12:59:36.421 15020 15020 D LifecycleMonitor: Lifecycle status change: androidx.test.core.app.InstrumentationActivityInvoker$BootstrapActivity@db485f6 in: RESUMED
09-20 12:59:36.422 15020 15020 V ActivityScenario: Activity lifecycle changed event received but ignored because the intent does not match. startActivityIntent=Intent { act=android.intent.action.MAIN cat=[android.intent.category.LAUNCHER] cmp=com.example.dogglers/.HorizontalListActivity }, activity.getIntent()=Intent { act=android.intent.action.MAIN cat=[android.intent.category.LAUNCHER] flg=0x10008000 cmp=com.example.dogglers/androidx.test.core.app.InstrumentationActivityInvoker$BootstrapActivity (has extras) }, activity=androidx.test.core.app.InstrumentationActivityInvoker$BootstrapActivity@db485f6
09-20 12:59:36.427 15020 15020 D LifecycleMonitor: Lifecycle status change: androidx.test.core.app.InstrumentationActivityInvoker$BootstrapActivity@db485f6 in: PAUSED
09-20 12:59:36.428 15020 15020 V ActivityScenario: Activity lifecycle changed event received but ignored because the intent does not match. startActivityIntent=Intent { act=android.intent.action.MAIN cat=[android.intent.category.LAUNCHER] cmp=com.example.dogglers/.HorizontalListActivity }, activity.getIntent()=Intent { act=android.intent.action.MAIN cat=[android.intent.category.LAUNCHER] flg=0x10008000 cmp=com.example.dogglers/androidx.test.core.app.InstrumentationActivityInvoker$BootstrapActivity (has extras) }, activity=androidx.test.core.app.InstrumentationActivityInvoker$BootstrapActivity@db485f6
09-20 12:59:36.447   341   440 D goldfish-address-space: claimShared: Ask to claim region [0x3f25cc000 0x3f2f70000]
09-20 12:59:36.472  2858  2858 I GsaVoiceInteractionSrv: Handling ACTION_STOP_HOTWORD
09-20 12:59:36.473  2858  2858 E HwDetectorWithState: a: 3
09-20 12:59:36.508 15020 15020 D LifecycleMonitor: Lifecycle status change: com.example.dogglers.HorizontalListActivity@1a402d0 in: PRE_ON_CREATE
09-20 12:59:36.512 15020 15020 V ActivityScenario: Activity lifecycle changed event received but ignored because the reported transition was not ON_CREATE while the last known transition was PRE_ON_CREATE
09-20 12:59:36.563 15020 15020 D LifecycleMonitor: Lifecycle status change: com.example.dogglers.HorizontalListActivity@1a402d0 in: CREATED
09-20 12:59:36.564 15020 15020 V ActivityScenario: Update currentActivityStage to CREATED, currentActivity=com.example.dogglers.HorizontalListActivity@1a402d0
09-20 12:59:36.567 15020 15020 D LifecycleMonitor: Lifecycle status change: com.example.dogglers.HorizontalListActivity@1a402d0 in: STARTED
09-20 12:59:36.567 15020 15020 V ActivityScenario: Update currentActivityStage to STARTED, currentActivity=com.example.dogglers.HorizontalListActivity@1a402d0
09-20 12:59:36.571 15020 15020 D LifecycleMonitor: Lifecycle status change: com.example.dogglers.HorizontalListActivity@1a402d0 in: RESUMED
09-20 12:59:36.575 15020 15020 V ActivityScenario: Update currentActivityStage to RESUMED, currentActivity=com.example.dogglers.HorizontalListActivity@1a402d0
09-20 12:59:36.588 15020 15020 D LifecycleMonitor: Lifecycle status change: androidx.test.core.app.InstrumentationActivityInvoker$BootstrapActivity@db485f6 in: STOPPED
09-20 12:59:36.588 15020 15020 V ActivityScenario: Activity lifecycle changed event received but ignored because the intent does not match. startActivityIntent=Intent { act=android.intent.action.MAIN cat=[android.intent.category.LAUNCHER] cmp=com.example.dogglers/.HorizontalListActivity }, activity.getIntent()=Intent { act=android.intent.action.MAIN cat=[android.intent.category.LAUNCHER] flg=0x10008000 cmp=com.example.dogglers/androidx.test.core.app.InstrumentationActivityInvoker$BootstrapActivity (has extras) }, activity=androidx.test.core.app.InstrumentationActivityInvoker$BootstrapActivity@db485f6
09-20 12:59:36.629   341   440 D goldfish-address-space: claimShared: Ask to claim region [0x3f89a4000 0x3f9348000]
09-20 12:59:36.644   341   440 D goldfish-address-space: claimShared: Ask to claim region [0x3f9348000 0x3f9cec000]
09-20 12:59:36.651   341   440 D goldfish-address-space: claimShared: Ask to claim region [0x3f9cec000 0x3fa690000]
09-20 12:59:36.676   565   612 I ActivityTaskManager: Displayed com.example.dogglers/.HorizontalListActivity: +348ms
09-20 12:59:36.722  2835  2835 I GoogleInputMethodService: GoogleInputMethodService.onFinishInput():3420
09-20 12:59:36.723  2835  2835 I GoogleInputMethodService: GoogleInputMethodService.onStartInput():2002
09-20 12:59:36.742  2835  2835 I DeviceUnlockedTag: DeviceUnlockedTag.notifyDeviceLockStatusChanged():31 Notify device unlocked.
09-20 12:59:36.787 15020 15020 I ViewInteraction: Checking 'MatchesViewAssertion{viewMatcher=(view has effective visibility <VISIBLE> and view.getGlobalVisibleRect() to return non-empty rectangle)}' assertion on view an instance of android.widget.TextView and view.getText() with or without transformation to match: is "Tzeitel"
09-20 12:59:36.795 15020 15020 E ViewAssertions: '(view has effective visibility <VISIBLE> and view.getGlobalVisibleRect() to return non-empty rectangle)' check could not be performed because view 'an instance of android.widget.TextView and view.getText() with or without transformation to match: is "Tzeitel"' was not found.
09-20 12:59:36.820  2644  2644 I A       : onApplyWindowInsets: systemWindowInsets=Insets{left=0, top=145, right=0, bottom=132}
09-20 12:59:36.822  2644  2644 I A       : onApplyWindowInsets: Adjusting for display cutouts. Safe insets: left=0, top=136, right=0, bottom=0
09-20 12:59:36.835  2644  2644 I A       : onApplyWindowInsets: systemWindowInsets=Insets{left=0, top=145, right=0, bottom=132}
09-20 12:59:36.848 15020 15020 D LifecycleMonitor: Lifecycle status change: com.example.dogglers.HorizontalListActivity@1a402d0 in: PAUSED
09-20 12:59:36.849 15020 15020 V ActivityScenario: Update currentActivityStage to PAUSED, currentActivity=com.example.dogglers.HorizontalListActivity@1a402d0
09-20 12:59:36.877   957  1047 D EGL_emulation: app_time_stats: avg=63.35ms min=2.53ms max=642.36ms count=12
09-20 12:59:36.886 15020 15020 D LifecycleMonitor: Lifecycle status change: androidx.test.core.app.InstrumentationActivityInvoker$EmptyActivity@ff90 in: PRE_ON_CREATE
09-20 12:59:36.887 15020 15020 V ActivityScenario: Activity lifecycle changed event received but ignored because the intent does not match. startActivityIntent=Intent { act=android.intent.action.MAIN cat=[android.intent.category.LAUNCHER] cmp=com.example.dogglers/.HorizontalListActivity }, activity.getIntent()=Intent { act=android.intent.action.MAIN cat=[android.intent.category.LAUNCHER] flg=0x10000000 cmp=com.example.dogglers/androidx.test.core.app.InstrumentationActivityInvoker$EmptyActivity }, activity=androidx.test.core.app.InstrumentationActivityInvoker$EmptyActivity@ff90
09-20 12:59:36.918 15020 15020 D LifecycleMonitor: Lifecycle status change: androidx.test.core.app.InstrumentationActivityInvoker$EmptyActivity@ff90 in: CREATED
09-20 12:59:36.924 15020 15020 V ActivityScenario: Activity lifecycle changed event received but ignored because the intent does not match. startActivityIntent=Intent { act=android.intent.action.MAIN cat=[android.intent.category.LAUNCHER] cmp=com.example.dogglers/.HorizontalListActivity }, activity.getIntent()=Intent { act=android.intent.action.MAIN cat=[android.intent.category.LAUNCHER] flg=0x10000000 cmp=com.example.dogglers/androidx.test.core.app.InstrumentationActivityInvoker$EmptyActivity }, activity=androidx.test.core.app.InstrumentationActivityInvoker$EmptyActivity@ff90
09-20 12:59:36.931 15020 15020 D LifecycleMonitor: Lifecycle status change: androidx.test.core.app.InstrumentationActivityInvoker$EmptyActivity@ff90 in: STARTED
09-20 12:59:36.937 15020 15020 V ActivityScenario: Activity lifecycle changed event received but ignored because the intent does not match. startActivityIntent=Intent { act=android.intent.action.MAIN cat=[android.intent.category.LAUNCHER] cmp=com.example.dogglers/.HorizontalListActivity }, activity.getIntent()=Intent { act=android.intent.action.MAIN cat=[android.intent.category.LAUNCHER] flg=0x10000000 cmp=com.example.dogglers/androidx.test.core.app.InstrumentationActivityInvoker$EmptyActivity }, activity=androidx.test.core.app.InstrumentationActivityInvoker$EmptyActivity@ff90
09-20 12:59:36.948 15020 15020 D LifecycleMonitor: Lifecycle status change: androidx.test.core.app.InstrumentationActivityInvoker$EmptyActivity@ff90 in: RESUMED
09-20 12:59:36.949 15020 15020 V ActivityScenario: Activity lifecycle changed event received but ignored because the intent does not match. startActivityIntent=Intent { act=android.intent.action.MAIN cat=[android.intent.category.LAUNCHER] cmp=com.example.dogglers/.HorizontalListActivity }, activity.getIntent()=Intent { act=android.intent.action.MAIN cat=[android.intent.category.LAUNCHER] flg=0x10000000 cmp=com.example.dogglers/androidx.test.core.app.InstrumentationActivityInvoker$EmptyActivity }, activity=androidx.test.core.app.InstrumentationActivityInvoker$EmptyActivity@ff90
09-20 12:59:37.011   341   440 D goldfish-address-space: claimShared: Ask to claim region [0x3f359c000 0x3f3f40000]
09-20 12:59:37.015   341   440 D goldfish-address-space: claimShared: Ask to claim region [0x3f6b3b000 0x3f74df000]
09-20 12:59:37.032   341   440 D goldfish-address-space: claimShared: Ask to claim region [0x3f74df000 0x3f7e83000]
09-20 12:59:37.047   565   612 I ActivityTaskManager: Displayed com.example.dogglers/androidx.test.core.app.InstrumentationActivityInvoker$EmptyActivity: +223ms
09-20 12:59:37.064   565  2675 W InputManager-JNI: Input channel object '90db8ff Splash Screen com.example.dogglers (client)' was disposed without first being removed with the input manager!
09-20 12:59:37.084 15020 15020 D LifecycleMonitor: Lifecycle status change: com.example.dogglers.HorizontalListActivity@1a402d0 in: STOPPED
09-20 12:59:37.085 15020 15020 V ActivityScenario: Update currentActivityStage to STOPPED, currentActivity=com.example.dogglers.HorizontalListActivity@1a402d0
09-20 12:59:37.088 15020 15020 D LifecycleMonitor: Lifecycle status change: com.example.dogglers.HorizontalListActivity@1a402d0 in: DESTROYED
09-20 12:59:37.091 15020 15020 V ActivityScenario: Update currentActivityStage to DESTROYED, currentActivity=null
09-20 12:59:37.097   565  1040 W InputManager-JNI: Input channel object '813b032 com.example.dogglers/com.example.dogglers.HorizontalListActivity (client)' was disposed without first being removed with the input manager!
09-20 12:59:37.119  2835  2835 I GoogleInputMethodService: GoogleInputMethodService.onFinishInput():3420
09-20 12:59:37.119  2835  2835 I GoogleInputMethodService: GoogleInputMethodService.onStartInput():2002
09-20 12:59:37.123  2835  2835 I DeviceUnlockedTag: DeviceUnlockedTag.notifyDeviceLockStatusChanged():31 Notify device unlocked.
09-20 12:59:37.129 15020 15020 D LifecycleMonitor: Lifecycle status change: androidx.test.core.app.InstrumentationActivityInvoker$EmptyActivity@ff90 in: PAUSED
09-20 12:59:37.129 15020 15020 V ActivityScenario: Activity lifecycle changed event received but ignored because the intent does not match. startActivityIntent=Intent { act=android.intent.action.MAIN cat=[android.intent.category.LAUNCHER] cmp=com.example.dogglers/.HorizontalListActivity }, activity.getIntent()=Intent { act=android.intent.action.MAIN cat=[android.intent.category.LAUNCHER] flg=0x10000000 cmp=com.example.dogglers/androidx.test.core.app.InstrumentationActivityInvoker$EmptyActivity }, activity=androidx.test.core.app.InstrumentationActivityInvoker$EmptyActivity@ff90
09-20 12:59:37.137 15020 15020 D LifecycleMonitor: Lifecycle status change: androidx.test.core.app.InstrumentationActivityInvoker$BootstrapActivity@db485f6 in: DESTROYED
09-20 12:59:37.138 15020 15020 V ActivityScenario: Activity lifecycle changed event received but ignored because the intent does not match. startActivityIntent=Intent { act=android.intent.action.MAIN cat=[android.intent.category.LAUNCHER] cmp=com.example.dogglers/.HorizontalListActivity }, activity.getIntent()=Intent { act=android.intent.action.MAIN cat=[android.intent.category.LAUNCHER] flg=0x10008000 cmp=com.example.dogglers/androidx.test.core.app.InstrumentationActivityInvoker$BootstrapActivity (has extras) }, activity=androidx.test.core.app.InstrumentationActivityInvoker$BootstrapActivity@db485f6
09-20 12:59:37.147 15020 15020 D LifecycleMonitor: Lifecycle status change: androidx.test.core.app.InstrumentationActivityInvoker$EmptyActivity@2fa1b66 in: PRE_ON_CREATE
09-20 12:59:37.147 15020 15020 V ActivityScenario: Activity lifecycle changed event received but ignored because the intent does not match. startActivityIntent=Intent { act=android.intent.action.MAIN cat=[android.intent.category.LAUNCHER] cmp=com.example.dogglers/.HorizontalListActivity }, activity.getIntent()=Intent { act=android.intent.action.MAIN cat=[android.intent.category.LAUNCHER] flg=0x10000000 cmp=com.example.dogglers/androidx.test.core.app.InstrumentationActivityInvoker$EmptyActivity }, activity=androidx.test.core.app.InstrumentationActivityInvoker$EmptyActivity@2fa1b66
09-20 12:59:37.162 15020 15020 D LifecycleMonitor: Lifecycle status change: androidx.test.core.app.InstrumentationActivityInvoker$EmptyActivity@2fa1b66 in: CREATED
09-20 12:59:37.162 15020 15020 V ActivityScenario: Activity lifecycle changed event received but ignored because the intent does not match. startActivityIntent=Intent { act=android.intent.action.MAIN cat=[android.intent.category.LAUNCHER] cmp=com.example.dogglers/.HorizontalListActivity }, activity.getIntent()=Intent { act=android.intent.action.MAIN cat=[android.intent.category.LAUNCHER] flg=0x10000000 cmp=com.example.dogglers/androidx.test.core.app.InstrumentationActivityInvoker$EmptyActivity }, activity=androidx.test.core.app.InstrumentationActivityInvoker$EmptyActivity@2fa1b66
09-20 12:59:37.165 15020 15020 D LifecycleMonitor: Lifecycle status change: androidx.test.core.app.InstrumentationActivityInvoker$EmptyActivity@2fa1b66 in: STARTED
09-20 12:59:37.165 15020 15020 V ActivityScenario: Activity lifecycle changed event received but ignored because the intent does not match. startActivityIntent=Intent { act=android.intent.action.MAIN cat=[android.intent.category.LAUNCHER] cmp=com.example.dogglers/.HorizontalListActivity }, activity.getIntent()=Intent { act=android.intent.action.MAIN cat=[android.intent.category.LAUNCHER] flg=0x10000000 cmp=com.example.dogglers/androidx.test.core.app.InstrumentationActivityInvoker$EmptyActivity }, activity=androidx.test.core.app.InstrumentationActivityInvoker$EmptyActivity@2fa1b66
09-20 12:59:37.168 15020 15020 D LifecycleMonitor: Lifecycle status change: androidx.test.core.app.InstrumentationActivityInvoker$EmptyActivity@2fa1b66 in: RESUMED
09-20 12:59:37.169 15020 15020 V ActivityScenario: Activity lifecycle changed event received but ignored because the intent does not match. startActivityIntent=Intent { act=android.intent.action.MAIN cat=[android.intent.category.LAUNCHER] cmp=com.example.dogglers/.HorizontalListActivity }, activity.getIntent()=Intent { act=android.intent.action.MAIN cat=[android.intent.category.LAUNCHER] flg=0x10000000 cmp=com.example.dogglers/androidx.test.core.app.InstrumentationActivityInvoker$EmptyActivity }, activity=androidx.test.core.app.InstrumentationActivityInvoker$EmptyActivity@2fa1b66
09-20 12:59:37.206   341   440 D goldfish-address-space: claimShared: Ask to claim region [0x3f0000000 0x3f09a4000]
09-20 12:59:37.219   341   440 D goldfish-address-space: claimShared: Ask to claim region [0x3f1c28000 0x3f25cc000]
09-20 12:59:37.223   341   440 D goldfish-address-space: claimShared: Ask to claim region [0x3f4000000 0x3f49a4000]
09-20 12:59:37.247   565   612 I ActivityTaskManager: Displayed com.example.dogglers/androidx.test.core.app.InstrumentationActivityInvoker$EmptyActivity: +172ms
09-20 12:59:37.256 15020 15020 D LifecycleMonitor: Lifecycle status change: androidx.test.core.app.InstrumentationActivityInvoker$EmptyActivity@ff90 in: STOPPED
09-20 12:59:37.265 15020 15020 V ActivityScenario: Activity lifecycle changed event received but ignored because the intent does not match. startActivityIntent=Intent { act=android.intent.action.MAIN cat=[android.intent.category.LAUNCHER] cmp=com.example.dogglers/.HorizontalListActivity }, activity.getIntent()=Intent { act=android.intent.action.MAIN cat=[android.intent.category.LAUNCHER] flg=0x10000000 cmp=com.example.dogglers/androidx.test.core.app.InstrumentationActivityInvoker$EmptyActivity }, activity=androidx.test.core.app.InstrumentationActivityInvoker$EmptyActivity@ff90
09-20 12:59:37.277   341   440 D goldfish-address-space: claimShared: Ask to claim region [0x3f0fd0000 0x3f15fc000]
09-20 12:59:37.306 15020 15020 D LifecycleMonitor: Lifecycle status change: androidx.test.core.app.InstrumentationActivityInvoker$EmptyActivity@ff90 in: DESTROYED
09-20 12:59:37.306 15020 15020 V ActivityScenario: Activity lifecycle changed event received but ignored because the intent does not match. startActivityIntent=Intent { act=android.intent.action.MAIN cat=[android.intent.category.LAUNCHER] cmp=com.example.dogglers/.HorizontalListActivity }, activity.getIntent()=Intent { act=android.intent.action.MAIN cat=[android.intent.category.LAUNCHER] flg=0x10000000 cmp=com.example.dogglers/androidx.test.core.app.InstrumentationActivityInvoker$EmptyActivity }, activity=androidx.test.core.app.InstrumentationActivityInvoker$EmptyActivity@ff90
09-20 12:59:37.311   565  1909 W InputManager-JNI: Input channel object 'b206d60 com.example.dogglers/androidx.test.core.app.InstrumentationActivityInvoker$EmptyActivity (client)' was disposed without first being removed with the input manager!
09-20 12:59:37.335 15020 15020 D LifecycleMonitor: Lifecycle status change: androidx.test.core.app.InstrumentationActivityInvoker$EmptyActivity@2fa1b66 in: PAUSED
09-20 12:59:37.338 15020 15020 V ActivityScenario: Activity lifecycle changed event received but ignored because the intent does not match. startActivityIntent=Intent { act=android.intent.action.MAIN cat=[android.intent.category.LAUNCHER] cmp=com.example.dogglers/.HorizontalListActivity }, activity.getIntent()=Intent { act=android.intent.action.MAIN cat=[android.intent.category.LAUNCHER] flg=0x10000000 cmp=com.example.dogglers/androidx.test.core.app.InstrumentationActivityInvoker$EmptyActivity }, activity=androidx.test.core.app.InstrumentationActivityInvoker$EmptyActivity@2fa1b66
09-20 12:59:37.362  2644  2644 I A       : onApplyWindowInsets: systemWindowInsets=Insets{left=0, top=145, right=0, bottom=132}
09-20 12:59:37.362  2644  2644 I A       : onApplyWindowInsets: Adjusting for display cutouts. Safe insets: left=0, top=136, right=0, bottom=0
09-20 12:59:37.363  2644  2644 I A       : onApplyWindowInsets: systemWindowInsets=Insets{left=0, top=145, right=0, bottom=132}
09-20 12:59:37.364   341   440 D goldfish-address-space: claimShared: Ask to claim region [0x3f25cc000 0x3f2f70000]
09-20 12:59:37.382   341   440 D goldfish-address-space: claimShared: Ask to claim region [0x3f359c000 0x3f3f40000]
09-20 12:59:37.398  2644  2709 I OpenGLRenderer: Davey! duration=5029ms; Flags=1, FrameTimelineVsyncId=31975, IntendedVsync=7561427029177, Vsync=7561427029177, InputEventId=0, HandleInputStart=7561427537587, AnimationStart=7561427539524, PerformTraversalsStart=7561427541102, DrawStart=7561471629404, FrameDeadline=7561460362509, FrameInterval=7561427532957, FrameStartTime=16666666, SyncQueued=7561472277220, SyncStart=7561473539693, IssueDrawCommandsStart=7561473725580, SwapBuffers=7561475540817, FrameCompleted=7566457724452, DequeueBufferDuration=24937, QueueBufferDuration=1076496, GpuCompleted=7566457724452, SwapBuffersCompleted=7561477892176, DisplayPresentTime=0,
09-20 12:59:37.398   341   440 D goldfish-address-space: claimShared: Ask to claim region [0x3f49a4000 0x3f5348000]
09-20 12:59:37.408  2858  2858 I GsaVoiceInteractionSrv: Handling ACTION_START_HOTWORD
09-20 12:59:37.408  2858  2858 I GsaVoiceInteractionSrv: disregardVoiceMatch: false
09-20 12:59:37.413  2858  2858 I GsaVoiceInteractionSrv: Cannot start hotword, hotword has been explicitly disabled.
09-20 12:59:37.432 15020 15043 E TestRunner: failed: horizontal_scroll_content_at_first_position(com.example.dogglers.HorizontalListTests)
09-20 12:59:37.434 15020 15043 E TestRunner: ----- begin exception -----
09-20 12:59:37.439   341   440 D goldfish-address-space: claimShared: Ask to claim region [0x3f6b3b000 0x3f74df000]
09-20 12:59:37.441 15020 15043 E TestRunner: androidx.test.espresso.NoMatchingViewException: No views in hierarchy found matching: an instance of android.widget.TextView and view.getText() with or without transformation to match: is "Tzeitel"
09-20 12:59:37.441 15020 15043 E TestRunner:
09-20 12:59:37.441 15020 15043 E TestRunner: View Hierarchy:
09-20 12:59:37.441 15020 15043 E TestRunner: +>DecorView{id=-1, visibility=VISIBLE, width=1080, height=2340, has-focus=false, has-focusable=true, has-window-focus=true, is-clickable=false, is-enabled=true, is-focused=false, is-focusable=false, is-layout-requested=false, is-selected=false, layout-params={(0,0)(fillxfill) ty=BASE_APPLICATION wanim=0x10302fe
09-20 12:59:37.441 15020 15043 E TestRunner:   fl=LAYOUT_IN_SCREEN LAYOUT_INSET_DECOR SPLIT_TOUCH HARDWARE_ACCELERATED DRAWS_SYSTEM_BAR_BACKGROUNDS
09-20 12:59:37.441 15020 15043 E TestRunner:   pfl=NO_MOVE_ANIMATION FORCE_DRAW_STATUS_BAR_BACKGROUND FIT_INSETS_CONTROLLED
09-20 12:59:37.441 15020 15043 E TestRunner:   bhv=DEFAULT
09-20 12:59:37.441 15020 15043 E TestRunner:   fitSides=}, tag=null, root-is-layout-requested=false, has-input-connection=false, x=0.0, y=0.0, child-count=3}
09-20 12:59:37.441 15020 15043 E TestRunner: |
09-20 12:59:37.441 15020 15043 E TestRunner: +->LinearLayout{id=-1, visibility=VISIBLE, width=1080, height=2208, has-focus=false, has-focusable=true, has-window-focus=true, is-clickable=false, is-enabled=true, is-focused=false, is-focusable=false, is-layout-requested=false, is-selected=false, layout-params=android.widget.FrameLayout$LayoutParams@50d86cf, tag=null, root-is-layout-requested=false, has-input-connection=false, x=0.0, y=0.0, child-count=2}
09-20 12:59:37.441 15020 15043 E TestRunner: |
09-20 12:59:37.441 15020 15043 E TestRunner: +-->ViewStub{id=16908720, res-name=action_mode_bar_stub, visibility=GONE, width=0, height=0, has-focus=false, has-focusable=false, has-window-focus=true, is-clickable=false, is-enabled=true, is-focused=false, is-focusable=false, is-layout-requested=true, is-selected=false, layout-params=android.widget.LinearLayout$LayoutParams@8efa85c, tag=null, root-is-layout-requested=false, has-input-connection=false, x=0.0, y=0.0}
09-20 12:59:37.441 15020 15043 E TestRunner: |
09-20 12:59:37.441 15020 15043 E TestRunner: +-->FrameLayout{id=-1, visibility=VISIBLE, width=1080, height=2063, has-focus=false, has-focusable=true, has-window-focus=true, is-clickable=false, is-enabled=true, is-focused=false, is-focusable=false, is-layout-requested=false, is-selected=false, layout-params=android.widget.LinearLayout$LayoutParams@ba77c3a, tag=null, root-is-layout-requested=false, has-input-connection=false, x=0.0, y=145.0, child-count=1}
09-20 12:59:37.441 15020 15043 E TestRunner: |
09-20 12:59:37.441 15020 15043 E TestRunner: +--->ActionBarOverlayLayout{id=2131230866, res-name=decor_content_parent, visibility=VISIBLE, width=1080, height=2063, has-focus=false, has-focusable=true, has-window-focus=true, is-clickable=false, is-enabled=true, is-focused=false, is-focusable=false, is-layout-requested=false, is-selected=false, layout-params=android.widget.FrameLayout$LayoutParams@bfb94e1, tag=null, root-is-layout-requested=false, has-input-connection=false, x=0.0, y=0.0, child-count=2}
09-20 12:59:37.441 15020 15043 E TestRunner: |
09-20 12:59:37.441 15020 15043 E TestRunner: +---->ContentFrameLayout{id=16908290, res-name=content, visibility=VISIBLE, width=1080, height=1909, has-focus=false, has-focusable=true, has-window-focus=true, is-clickable=false, is-enabled=true, is-focused=false, is-focusable=false, is-layout-requested=false, is-selected=false, layout-params=androidx.appcompat.widget.ActionBarOverlayLayout$LayoutParams@dfd80c7, tag=null, root-is-layout-requested=false, has-input-connection=false, x=0.0, y=154.0, child-count=1}
09-20 12:59:37.441 15020 15043 E TestRunner: |
09-20 12:59:37.441 15020 15043 E TestRunner: +----->FrameLayout{id=-1, visibility=VISIBLE, width=1080, height=1909, has-focus=false, has-focusable=true, has-window-focus=true, is-clickable=false, is-enabled=true, is-focused=false, is-focusable=false, is-layout-requested=false, is-selected=false, layout-params=android.widget.FrameLayout$LayoutParams@c3b9e1d, tag=null, root-is-layout-requested=false, has-input-connection=false, x=0.0, y=0.0, child-count=1}
09-20 12:59:37.441 15020 15043 E TestRunner: |
09-20 12:59:37.441 15020 15043 E TestRunner: +------>RecyclerView{id=2131230945, res-name=horizontal_recycler_view, visibility=VISIBLE, width=1080, height=0, has-focus=false, has-focusable=true, has-window-focus=true, is-clickable=false, is-enabled=true, is-focused=false, is-focusable=true, is-layout-requested=false, is-selected=false, layout-params=android.widget.FrameLayout$LayoutParams@6fd5892, tag=null, root-is-layout-requested=false, has-input-connection=false, x=0.0, y=954.0, child-count=0}
09-20 12:59:37.441 15020 15043 E TestRunner: |
09-20 12:59:37.441 15020 15043 E TestRunner: +---->ActionBarContainer{id=2131230774, res-name=action_bar_container, visibility=VISIBLE, width=1080, height=154, has-focus=false, has-focusable=false, has-window-focus=true, is-clickable=false, is-enabled=true, is-focused=false, is-focusable=false, is-layout-requested=false, is-selected=false, layout-params=androidx.appcompat.widget.ActionBarOverlayLayout$LayoutParams@478ff19, tag=null, root-is-layout-requested=false, has-input-connection=false, x=0.0, y=0.0, child-count=2}
09-20 12:59:37.441 15020 15043 E TestRunner: |
09-20 12:59:37.441 15020 15043 E TestRunner: +----->Toolbar{id=2131230772, res-name=action_bar, visibility=VISIBLE, width=1080, height=154, has-focus=false, has-focusable=false, has-window-focus=true, is-clickable=false, is-enabled=true, is-focused=false, is-focusable=false, is-layout-requested=false, is-selected=false, layout-params=android.widget.FrameLayout$LayoutParams@19173d5, tag=null, root-is-layout-requested=false, has-input-connection=false, x=0.0, y=0.0, child-count=3}
09-20 12:59:37.441 15020 15043 E TestRunner: |
09-20 12:59:37.441 15020 15043 E TestRunner: +------>AppCompatTextView{id=-1, visibility=VISIBLE, width=219, height=74, has-focus=false, has-focusable=false, has-window-focus=true, is-clickable=false, is-enabled=true, is-focused=false, is-focusable=false, is-layout-requested=false, is-selected=false, layout-params=androidx.appcompat.widget.Toolbar$LayoutParams@7f767ea, tag=null, root-is-layout-requested=false, has-input-connection=false, x=198.0, y=40.0, text=Dogglers, input-type=0, ime-target=false, has-links=false}
09-20 12:59:37.441 15020 15043 E TestRunner: |
09-20 12:59:37.441 15020 15043 E TestRunner: +------>AppCompatImageButton{id=-1, desc=Navigate up, visibility=VISIBLE, width=154, height=154, has-focus=false, has-focusable=false, has-window-focus=true, is-clickable=true, is-enabled=true, is-focused=false, is-focusable=true, is-layout-requested=false, is-selected=false, layout-params=androidx.appcompat.widget.Toolbar$LayoutParams@efcbadb, tag=null, root-is-layout-requested=false, has-input-connection=false, x=0.0, y=0.0}
09-20 12:59:37.441 15020 15043 E TestRunner: |
09-20 12:59:37.441 15020 15043 E TestRunner: +------>ActionMenuView{id=-1, visibility=VISIBLE, width=0, height=154, has-focus=false, has-focusable=false, has-window-focus=true, is-clickable=false, is-enabled=true, is-focused=false, is-focusable=false, is-layout-requested=false, is-selected=false, layout-params=androidx.appcompat.widget.Toolbar$LayoutParams@2ec7978, tag=null, root-is-layout-requested=false, has-input-connection=false, x=1080.0, y=0.0, child-count=0}
09-20 12:59:37.441 15020 15043 E TestRunner: |
09-20 12:59:37.441 15020 15043 E TestRunner: +----->ActionBarContextView{id=2131230780, res-name=action_context_bar, visibility=GONE, width=0, height=0, has-focus=false, has-focusable=false, has-window-focus=true, is-clickable=false, is-enabled=true, is-focused=false, is-focusable=false, is-layout-requested=true, is-selected=false, layout-params=android.widget.FrameLayout$LayoutParams@6827851, tag=null, root-is-layout-requested=false, has-input-connection=false, x=0.0, y=0.0, child-count=0}
09-20 12:59:37.441 15020 15043 E TestRunner: |
09-20 12:59:37.441 15020 15043 E TestRunner: +->View{id=16908336, res-name=navigationBarBackground, visibility=VISIBLE, width=1080, height=132, has-focus=false, has-focusable=false, has-window-focus=true, is-clickable=false, is-enabled=true, is-focused=false, is-focusable=false, is-layout-requested=false, is-selected=false, layout-params=android.widget.FrameLayout$LayoutParams@5dc18b6, tag=null, root-is-layout-requested=false, has-input-connection=false, x=0.0, y=2208.0}
09-20 12:59:37.441 15020 15043 E TestRunner: |
09-20 12:59:37.441 15020 15043 E TestRunner: +->View{id=16908335, res-name=statusBarBackground, visibility=VISIBLE, width=1080, height=145, has-focus=false, has-focusable=false, has-window-focus=true, is-clickable=false, is-enabled=true, is-focused=false, is-focusable=false, is-layout-requested=false, is-selected=false, layout-params=android.widget.FrameLayout$LayoutParams@10229b7, tag=null, root-is-layout-requested=false, has-input-connection=false, x=0.0, y=0.0}
09-20 12:59:37.441 15020 15043 E TestRunner: 	at dalvik.system.VMStack.getThreadStackTrace(Native Method)
09-20 12:59:37.441 15020 15043 E TestRunner: 	at java.lang.Thread.getStackTrace(Thread.java:1724)
09-20 12:59:37.441 15020 15043 E TestRunner: 	at androidx.test.espresso.base.DefaultFailureHandler.getUserFriendlyError(DefaultFailureHandler.java:12)
09-20 12:59:37.441 15020 15043 E TestRunner: 	at androidx.test.espresso.base.DefaultFailureHandler.handle(DefaultFailureHandler.java:7)
09-20 12:59:37.441 15020 15043 E TestRunner: 	at androidx.test.espresso.ViewInteraction.waitForAndHandleInteractionResults(ViewInteraction.java:8)
09-20 12:59:37.441 15020 15043 E TestRunner: 	at androidx.test.espresso.ViewInteraction.check(ViewInteraction.java:12)
09-20 12:59:37.441 15020 15043 E TestRunner: 	at com.example.dogglers.BaseTest.hasListItemContent(BaseTest.kt:57)
09-20 12:59:37.441 15020 15043 E TestRunner: 	at com.example.dogglers.BaseTest.checkFirstPosition(BaseTest.kt:70)
09-20 12:59:37.441 15020 15043 E TestRunner: 	at com.example.dogglers.HorizontalListTests.horizontal_scroll_content_at_first_position(HorizontalListTests.kt:42)
09-20 12:59:37.441 15020 15043 E TestRunner: 	at java.lang.reflect.Method.invoke(Native Method)
09-20 12:59:37.441 15020 15043 E TestRunner: 	at org.junit.runners.model.FrameworkMethod$1.runReflectiveCall(FrameworkMethod.java:50)
09-20 12:59:37.441 15020 15043 E TestRunner: 	at org.junit.internal.runners.model.ReflectiveCallable.run(ReflectiveCallable.java:12)
09-20 12:59:37.441 15020 15043 E TestRunner: 	at org.junit.runners.model.FrameworkMethod.invokeExplosively(FrameworkMethod.java:47)
09-20 12:59:37.441 15020 15043 E TestRunner: 	at org.junit.internal.runners.statements.InvokeMethod.evaluate(InvokeMethod.java:17)
09-20 12:59:37.441 15020 15043 E TestRunner: 	at org.junit.rules.ExternalResource$1.evaluate(ExternalResource.java:48)
09-20 12:59:37.441 15020 15043 E TestRunner: 	at org.junit.rules.RunRules.evaluate(RunRules.java:20)
09-20 12:59:37.441 15020 15043 E TestRunner: 	at org.junit.runners.ParentRunner.runLeaf(ParentRunner.java:325)
09-20 12:59:37.441 15020 15043 E TestRunner: 	at org.junit.runners.BlockJUnit4ClassRunner.runChild(BlockJUnit4ClassRunner.java:78)
09-20 12:59:37.441 15020 15043 E TestRunner: 	at org.junit.runners.BlockJUnit4ClassRunner.runChild(BlockJUnit4ClassRunner.java:57)
09-20 12:59:37.441 15020 15043 E TestRunner: 	at org.junit.runners.ParentRunner$3.run(ParentRunner.java:290)
09-20 12:59:37.441 15020 15043 E TestRunner: 	at org.junit.runners.ParentRunner$1.schedule(ParentRunner.java:71)
09-20 12:59:37.441 15020 15043 E TestRunner: 	at org.junit.runners.ParentRunner.runChildren(ParentRunner.java:288)
09-20 12:59:37.441 15020 15043 E TestRunner: 	at org.junit.runners.ParentRunner.access$000(ParentRunner.java:58)
09-20 12:59:37.441 15020 15043 E TestRunner: 	at org.junit.runners.ParentRunner$2.evaluate(ParentRunner.java:268)
09-20 12:59:37.441 15020 15043 E TestRunner: 	at org.junit.runners.ParentRunner.run(ParentRunner.java:363)
09-20 12:59:37.441 15020 15043 E TestRunner: 	at androidx.test.ext.junit.runners.AndroidJUnit4.run(AndroidJUnit4.java:162)
09-20 12:59:37.441 15020 15043 E TestRunner: 	at org.junit.runners.Suite.runChild(Suite.java:128)
09-20 12:59:37.441 15020 15043 E TestRunner: 	at org.junit.runners.Suite.runChild(Suite.java:27)
09-20 12:59:37.441 15020 15043 E TestRunner: 	at org.junit.runners.ParentRunner$3.run(ParentRunner.java:290)
09-20 12:59:37.441 15020 15043 E TestRunner: 	at org.junit.runners.ParentRunner$1.schedule(ParentRunner.java:71)
09-20 12:59:37.441 15020 15043 E TestRunner: 	at org.junit.runners.ParentRunner.runChildren(ParentRunner.java:288)
09-20 12:59:37.441 15020 15043 E TestRunner: 	at org.junit.runners.ParentRunner.access$000(ParentRunner.java:58)
09-20 12:59:37.441 15020 15043 E TestRunner: 	at org.junit.runners.ParentRunner$2.evaluate(ParentRunner.java:268)
09-20 12:59:37.441 15020 15043 E TestRunner: 	at org.junit.runners.ParentRunner.run(ParentRunner.java:363)
09-20 12:59:37.441 15020 15043 E TestRunner: 	at org.junit.runner.JUnitCore.run(JUnitCore.java:137)
09-20 12:59:37.441 15020 15043 E TestRunner: 	at org.junit.runner.JUnitCore.run(JUnitCore.java:115)
09-20 12:59:37.441 15020 15043 E TestRunner: 	at androidx.test.internal.runner.TestExecutor.execute(TestExecutor.java:56)
09-20 12:59:37.441 15020 15043 E TestRunner: 	at androidx.test.runner.AndroidJUnitRunner.onStart(AndroidJUnitRunner.java:444)
09-20 12:59:37.441 15020 15043 E TestRunner: 	at android.app.Instrumentation$InstrumentationThread.run(Instrumentation.java:2248)
09-20 12:59:37.442 15020 15043 E TestRunner: ----- end exception -----
09-20 12:59:37.444 15020 15043 I TestRunner: finished: horizontal_scroll_content_at_first_position(com.example.dogglers.HorizontalListTests)
