09-20 12:59:27.697 15020 15043 I TestRunner: started: grid_list_content_at_last_position(com.example.dogglers.GridListTests)
09-20 12:59:27.714 15020 15043 W Settings: Setting always_finish_activities has moved from android.provider.Settings.System to android.provider.Settings.Global, returning read-only value.
09-20 12:59:27.739   957  1045 D SplashScreenView: Build android.window.SplashScreenView{5abcd32 V.E...... ......ID 0,0-0,0}
09-20 12:59:27.739   957  1045 D SplashScreenView: Icon: view: null drawable: null size: 0
09-20 12:59:27.739   957  1045 D SplashScreenView: Branding: view: android.view.View{957ca83 G.ED..... ......I. 0,0-0,0 #10204a6 android:id/splashscreen_branding_view} drawable: null size w: 0 h: 0
09-20 12:59:27.839   341   398 D goldfish-address-space: claimShared: Ask to claim region [0x3f0fd0000 0x3f1974000]
09-20 12:59:27.840 15020 15020 D LifecycleMonitor: Lifecycle status change: androidx.test.core.app.InstrumentationActivityInvoker$BootstrapActivity@f00d15f in: PRE_ON_CREATE
09-20 12:59:27.841 15020 15020 V ActivityScenario: Activity lifecycle changed event received but ignored because the intent does not match. startActivityIntent=Intent { act=android.intent.action.MAIN cat=[android.intent.category.LAUNCHER] cmp=com.example.dogglers/.GridListActivity }, activity.getIntent()=Intent { act=android.intent.action.MAIN cat=[android.intent.category.LAUNCHER] flg=0x10008000 cmp=com.example.dogglers/androidx.test.core.app.InstrumentationActivityInvoker$BootstrapActivity (has extras) }, activity=androidx.test.core.app.InstrumentationActivityInvoker$BootstrapActivity@f00d15f
09-20 12:59:27.863 15020 15020 D LifecycleMonitor: Lifecycle status change: androidx.test.core.app.InstrumentationActivityInvoker$BootstrapActivity@f00d15f in: CREATED
09-20 12:59:27.864 15020 15020 V ActivityScenario: Activity lifecycle changed event received but ignored because the intent does not match. startActivityIntent=Intent { act=android.intent.action.MAIN cat=[android.intent.category.LAUNCHER] cmp=com.example.dogglers/.GridListActivity }, activity.getIntent()=Intent { act=android.intent.action.MAIN cat=[android.intent.category.LAUNCHER] flg=0x10008000 cmp=com.example.dogglers/androidx.test.core.app.InstrumentationActivityInvoker$BootstrapActivity (has extras) }, activity=androidx.test.core.app.InstrumentationActivityInvoker$BootstrapActivity@f00d15f
09-20 12:59:27.867  2858  2858 I GsaVoiceInteractionSrv: Handling ACTION_STOP_HOTWORD
09-20 12:59:27.868   341   398 D goldfish-address-space: claimShared: Ask to claim region [0x3f2cbc000 0x3f3660000]
09-20 12:59:27.869 15020 15020 D LifecycleMonitor: Lifecycle status change: androidx.test.core.app.InstrumentationActivityInvoker$BootstrapActivity@f00d15f in: STARTED
09-20 12:59:27.871 15020 15020 V ActivityScenario: Activity lifecycle changed event received but ignored because the intent does not match. startActivityIntent=Intent { act=android.intent.action.MAIN cat=[android.intent.category.LAUNCHER] cmp=com.example.dogglers/.GridListActivity }, activity.getIntent()=Intent { act=android.intent.action.MAIN cat=[android.intent.category.LAUNCHER] flg=0x10008000 cmp=com.example.dogglers/androidx.test.core.app.InstrumentationActivityInvoker$BootstrapActivity (has extras) }, activity=androidx.test.core.app.InstrumentationActivityInvoker$BootstrapActivity@f00d15f
09-20 12:59:27.873   341   398 D goldfish-address-space: claimShared: Ask to claim region [0x3f7167000 0x3f7b0b000]
09-20 12:59:27.885  2858  2858 E HwDetectorWithState: a: 3
09-20 12:59:27.889 15020 15020 D LifecycleMonitor: Lifecycle status change: androidx.test.core.app.InstrumentationActivityInvoker$BootstrapActivity@f00d15f in: RESUMED
09-20 12:59:27.891 15020 15020 V ActivityScenario: Activity lifecycle changed event received but ignored because the intent does not match. startActivityIntent=Intent { act=android.intent.action.MAIN cat=[android.intent.category.LAUNCHER] cmp=com.example.dogglers/.GridListActivity }, activity.getIntent()=Intent { act=android.intent.action.MAIN cat=[android.intent.category.LAUNCHER] flg=0x10008000 cmp=com.example.dogglers/androidx.test.core.app.InstrumentationActivityInvoker$BootstrapActivity (has extras) }, activity=androidx.test.core.app.InstrumentationActivityInvoker$BootstrapActivity@f00d15f
09-20 12:59:27.927 15020 15020 D LifecycleMonitor: Lifecycle status change: androidx.test.core.app.InstrumentationActivityInvoker$BootstrapActivity@f00d15f in: PAUSED
09-20 12:59:27.928 15020 15020 V ActivityScenario: Activity lifecycle changed event received but ignored because the intent does not match. startActivityIntent=Intent { act=android.intent.action.MAIN cat=[android.intent.category.LAUNCHER] cmp=com.example.dogglers/.GridListActivity }, activity.getIntent()=Intent { act=android.intent.action.MAIN cat=[android.intent.category.LAUNCHER] flg=0x10008000 cmp=com.example.dogglers/androidx.test.core.app.InstrumentationActivityInvoker$BootstrapActivity (has extras) }, activity=androidx.test.core.app.InstrumentationActivityInvoker$BootstrapActivity@f00d15f
09-20 12:59:27.937   957  1047 D EGL_emulation: app_time_stats: avg=36.93ms min=2.78ms max=318.92ms count=20
09-20 12:59:27.970 15020 15020 D LifecycleMonitor: Lifecycle status change: com.example.dogglers.GridListActivity@bb60af1 in: PRE_ON_CREATE
09-20 12:59:27.983 15020 15020 V ActivityScenario: Activity lifecycle changed event received but ignored because the reported transition was not ON_CREATE while the last known transition was PRE_ON_CREATE
09-20 12:59:28.071 15020 15020 D LifecycleMonitor: Lifecycle status change: com.example.dogglers.GridListActivity@bb60af1 in: CREATED
09-20 12:59:28.071 15020 15020 V ActivityScenario: Update currentActivityStage to CREATED, currentActivity=com.example.dogglers.GridListActivity@bb60af1
09-20 12:59:28.076 15020 15020 D LifecycleMonitor: Lifecycle status change: com.example.dogglers.GridListActivity@bb60af1 in: STARTED
09-20 12:59:28.077 15020 15020 V ActivityScenario: Update currentActivityStage to STARTED, currentActivity=com.example.dogglers.GridListActivity@bb60af1
09-20 12:59:28.078 15020 15020 D LifecycleMonitor: Lifecycle status change: com.example.dogglers.GridListActivity@bb60af1 in: RESUMED
09-20 12:59:28.079 15020 15020 V ActivityScenario: Update currentActivityStage to RESUMED, currentActivity=com.example.dogglers.GridListActivity@bb60af1
09-20 12:59:28.136   341   398 D goldfish-address-space: claimShared: Ask to claim region [0x3f0000000 0x3f09a4000]
09-20 12:59:28.154   341   398 D goldfish-address-space: claimShared: Ask to claim region [0x3f1974000 0x3f2318000]
09-20 12:59:28.157   341   398 D goldfish-address-space: claimShared: Ask to claim region [0x3f2318000 0x3f2cbc000]
09-20 12:59:28.205 15020 15020 D RootViewPicker: Root not ready - waiting: 10ms for one to appear.
09-20 12:59:28.221  2835  2835 I GoogleInputMethodService: GoogleInputMethodService.onFinishInput():3420
09-20 12:59:28.222  2835  2835 I GoogleInputMethodService: GoogleInputMethodService.onStartInput():2002
09-20 12:59:28.222  2835  2835 I DeviceUnlockedTag: DeviceUnlockedTag.notifyDeviceLockStatusChanged():31 Notify device unlocked.
09-20 12:59:28.301 15020 15020 I ViewInteraction: Performing 'scroll RecyclerView to position: 5' action on view view.getId() is <2131230933/com.example.dogglers:id/grid_recycler_view>
09-20 12:59:28.367 15020 15020 I ViewInteraction: Checking 'MatchesViewAssertion{viewMatcher=(view has effective visibility <VISIBLE> and view.getGlobalVisibleRect() to return non-empty rectangle)}' assertion on view an instance of android.widget.TextView and view.getText() with or without transformation to match: is "Bella"
09-20 12:59:28.369 15020 15020 E ViewAssertions: '(view has effective visibility <VISIBLE> and view.getGlobalVisibleRect() to return non-empty rectangle)' check could not be performed because view 'an instance of android.widget.TextView and view.getText() with or without transformation to match: is "Bella"' was not found.
09-20 12:59:28.383 15020 15020 D LifecycleMonitor: Lifecycle status change: androidx.test.core.app.InstrumentationActivityInvoker$BootstrapActivity@f00d15f in: STOPPED
09-20 12:59:28.384 15020 15020 V ActivityScenario: Activity lifecycle changed event received but ignored because the intent does not match. startActivityIntent=Intent { act=android.intent.action.MAIN cat=[android.intent.category.LAUNCHER] cmp=com.example.dogglers/.GridListActivity }, activity.getIntent()=Intent { act=android.intent.action.MAIN cat=[android.intent.category.LAUNCHER] flg=0x10008000 cmp=com.example.dogglers/androidx.test.core.app.InstrumentationActivityInvoker$BootstrapActivity (has extras) }, activity=androidx.test.core.app.InstrumentationActivityInvoker$BootstrapActivity@f00d15f
09-20 12:59:28.417 15020 15020 D LifecycleMonitor: Lifecycle status change: com.example.dogglers.GridListActivity@bb60af1 in: PAUSED
09-20 12:59:28.417 15020 15020 V ActivityScenario: Update currentActivityStage to PAUSED, currentActivity=com.example.dogglers.GridListActivity@bb60af1
09-20 12:59:28.455 15020 15020 D LifecycleMonitor: Lifecycle status change: androidx.test.core.app.InstrumentationActivityInvoker$EmptyActivity@56890b1 in: PRE_ON_CREATE
09-20 12:59:28.455 15020 15020 V ActivityScenario: Activity lifecycle changed event received but ignored because the intent does not match. startActivityIntent=Intent { act=android.intent.action.MAIN cat=[android.intent.category.LAUNCHER] cmp=com.example.dogglers/.GridListActivity }, activity.getIntent()=Intent { act=android.intent.action.MAIN cat=[android.intent.category.LAUNCHER] flg=0x10000000 cmp=com.example.dogglers/androidx.test.core.app.InstrumentationActivityInvoker$EmptyActivity }, activity=androidx.test.core.app.InstrumentationActivityInvoker$EmptyActivity@56890b1
09-20 12:59:28.485 15020 15020 D LifecycleMonitor: Lifecycle status change: androidx.test.core.app.InstrumentationActivityInvoker$EmptyActivity@56890b1 in: CREATED
09-20 12:59:28.487 15020 15020 V ActivityScenario: Activity lifecycle changed event received but ignored because the intent does not match. startActivityIntent=Intent { act=android.intent.action.MAIN cat=[android.intent.category.LAUNCHER] cmp=com.example.dogglers/.GridListActivity }, activity.getIntent()=Intent { act=android.intent.action.MAIN cat=[android.intent.category.LAUNCHER] flg=0x10000000 cmp=com.example.dogglers/androidx.test.core.app.InstrumentationActivityInvoker$EmptyActivity }, activity=androidx.test.core.app.InstrumentationActivityInvoker$EmptyActivity@56890b1
09-20 12:59:28.491 15020 15020 D LifecycleMonitor: Lifecycle status change: androidx.test.core.app.InstrumentationActivityInvoker$EmptyActivity@56890b1 in: STARTED
09-20 12:59:28.493 15020 15020 V ActivityScenario: Activity lifecycle changed event received but ignored because the intent does not match. startActivityIntent=Intent { act=android.intent.action.MAIN cat=[android.intent.category.LAUNCHER] cmp=com.example.dogglers/.GridListActivity }, activity.getIntent()=Intent { act=android.intent.action.MAIN cat=[android.intent.category.LAUNCHER] flg=0x10000000 cmp=com.example.dogglers/androidx.test.core.app.InstrumentationActivityInvoker$EmptyActivity }, activity=androidx.test.core.app.InstrumentationActivityInvoker$EmptyActivity@56890b1
09-20 12:59:28.496 15020 15020 D LifecycleMonitor: Lifecycle status change: androidx.test.core.app.InstrumentationActivityInvoker$EmptyActivity@56890b1 in: RESUMED
09-20 12:59:28.498 15020 15020 V ActivityScenario: Activity lifecycle changed event received but ignored because the intent does not match. startActivityIntent=Intent { act=android.intent.action.MAIN cat=[android.intent.category.LAUNCHER] cmp=com.example.dogglers/.GridListActivity }, activity.getIntent()=Intent { act=android.intent.action.MAIN cat=[android.intent.category.LAUNCHER] flg=0x10000000 cmp=com.example.dogglers/androidx.test.core.app.InstrumentationActivityInvoker$EmptyActivity }, activity=androidx.test.core.app.InstrumentationActivityInvoker$EmptyActivity@56890b1
09-20 12:59:28.528   341   398 D goldfish-address-space: claimShared: Ask to claim region [0x3f4000000 0x3f49a4000]
09-20 12:59:28.534   565  2675 W InputManager-JNI: Input channel object '6fc6166 Splash Screen com.example.dogglers (client)' was disposed without first being removed with the input manager!
09-20 12:59:28.537   341   398 D goldfish-address-space: claimShared: Ask to claim region [0x3f49a4000 0x3f5348000]
09-20 12:59:28.551   341   398 D goldfish-address-space: claimShared: Ask to claim region [0x3f8000000 0x3f89a4000]
09-20 12:59:28.594   565   612 I ActivityTaskManager: Displayed com.example.dogglers/androidx.test.core.app.InstrumentationActivityInvoker$EmptyActivity: +863ms
09-20 12:59:28.634 15020 15020 D LifecycleMonitor: Lifecycle status change: com.example.dogglers.GridListActivity@bb60af1 in: STOPPED
09-20 12:59:28.635 15020 15020 V ActivityScenario: Update currentActivityStage to STOPPED, currentActivity=com.example.dogglers.GridListActivity@bb60af1
09-20 12:59:28.641 15020 15020 D LifecycleMonitor: Lifecycle status change: com.example.dogglers.GridListActivity@bb60af1 in: DESTROYED
09-20 12:59:28.641 15020 15020 V ActivityScenario: Update currentActivityStage to DESTROYED, currentActivity=null
09-20 12:59:28.646   565  2436 W InputManager-JNI: Input channel object '3488ac6 com.example.dogglers/com.example.dogglers.GridListActivity (client)' was disposed without first being removed with the input manager!
09-20 12:59:28.670  2835  2835 I GoogleInputMethodService: GoogleInputMethodService.onFinishInput():3420
09-20 12:59:28.670  2835  2835 I GoogleInputMethodService: GoogleInputMethodService.onStartInput():2002
09-20 12:59:28.671  2835  2835 I DeviceUnlockedTag: DeviceUnlockedTag.notifyDeviceLockStatusChanged():31 Notify device unlocked.
09-20 12:59:28.683 15020 15020 D LifecycleMonitor: Lifecycle status change: androidx.test.core.app.InstrumentationActivityInvoker$EmptyActivity@56890b1 in: PAUSED
09-20 12:59:28.684 15020 15020 V ActivityScenario: Activity lifecycle changed event received but ignored because the intent does not match. startActivityIntent=Intent { act=android.intent.action.MAIN cat=[android.intent.category.LAUNCHER] cmp=com.example.dogglers/.GridListActivity }, activity.getIntent()=Intent { act=android.intent.action.MAIN cat=[android.intent.category.LAUNCHER] flg=0x10000000 cmp=com.example.dogglers/androidx.test.core.app.InstrumentationActivityInvoker$EmptyActivity }, activity=androidx.test.core.app.InstrumentationActivityInvoker$EmptyActivity@56890b1
09-20 12:59:28.704 15020 15020 D LifecycleMonitor: Lifecycle status change: androidx.test.core.app.InstrumentationActivityInvoker$BootstrapActivity@f00d15f in: DESTROYED
09-20 12:59:28.705 15020 15020 V ActivityScenario: Activity lifecycle changed event received but ignored because the intent does not match. startActivityIntent=Intent { act=android.intent.action.MAIN cat=[android.intent.category.LAUNCHER] cmp=com.example.dogglers/.GridListActivity }, activity.getIntent()=Intent { act=android.intent.action.MAIN cat=[android.intent.category.LAUNCHER] flg=0x10008000 cmp=com.example.dogglers/androidx.test.core.app.InstrumentationActivityInvoker$BootstrapActivity (has extras) }, activity=androidx.test.core.app.InstrumentationActivityInvoker$BootstrapActivity@f00d15f
09-20 12:59:28.722 15020 15020 D LifecycleMonitor: Lifecycle status change: androidx.test.core.app.InstrumentationActivityInvoker$EmptyActivity@d4ce40f in: PRE_ON_CREATE
09-20 12:59:28.722 15020 15020 V ActivityScenario: Activity lifecycle changed event received but ignored because the intent does not match. startActivityIntent=Intent { act=android.intent.action.MAIN cat=[android.intent.category.LAUNCHER] cmp=com.example.dogglers/.GridListActivity }, activity.getIntent()=Intent { act=android.intent.action.MAIN cat=[android.intent.category.LAUNCHER] flg=0x10000000 cmp=com.example.dogglers/androidx.test.core.app.InstrumentationActivityInvoker$EmptyActivity }, activity=androidx.test.core.app.InstrumentationActivityInvoker$EmptyActivity@d4ce40f
09-20 12:59:28.738 15020 15020 D LifecycleMonitor: Lifecycle status change: androidx.test.core.app.InstrumentationActivityInvoker$EmptyActivity@d4ce40f in: CREATED
09-20 12:59:28.739 15020 15020 V ActivityScenario: Activity lifecycle changed event received but ignored because the intent does not match. startActivityIntent=Intent { act=android.intent.action.MAIN cat=[android.intent.category.LAUNCHER] cmp=com.example.dogglers/.GridListActivity }, activity.getIntent()=Intent { act=android.intent.action.MAIN cat=[android.intent.category.LAUNCHER] flg=0x10000000 cmp=com.example.dogglers/androidx.test.core.app.InstrumentationActivityInvoker$EmptyActivity }, activity=androidx.test.core.app.InstrumentationActivityInvoker$EmptyActivity@d4ce40f
09-20 12:59:28.748 15020 15020 D LifecycleMonitor: Lifecycle status change: androidx.test.core.app.InstrumentationActivityInvoker$EmptyActivity@d4ce40f in: STARTED
09-20 12:59:28.748 15020 15020 V ActivityScenario: Activity lifecycle changed event received but ignored because the intent does not match. startActivityIntent=Intent { act=android.intent.action.MAIN cat=[android.intent.category.LAUNCHER] cmp=com.example.dogglers/.GridListActivity }, activity.getIntent()=Intent { act=android.intent.action.MAIN cat=[android.intent.category.LAUNCHER] flg=0x10000000 cmp=com.example.dogglers/androidx.test.core.app.InstrumentationActivityInvoker$EmptyActivity }, activity=androidx.test.core.app.InstrumentationActivityInvoker$EmptyActivity@d4ce40f
09-20 12:59:28.752 15020 15020 D LifecycleMonitor: Lifecycle status change: androidx.test.core.app.InstrumentationActivityInvoker$EmptyActivity@d4ce40f in: RESUMED
09-20 12:59:28.753 15020 15020 V ActivityScenario: Activity lifecycle changed event received but ignored because the intent does not match. startActivityIntent=Intent { act=android.intent.action.MAIN cat=[android.intent.category.LAUNCHER] cmp=com.example.dogglers/.GridListActivity }, activity.getIntent()=Intent { act=android.intent.action.MAIN cat=[android.intent.category.LAUNCHER] flg=0x10000000 cmp=com.example.dogglers/androidx.test.core.app.InstrumentationActivityInvoker$EmptyActivity }, activity=androidx.test.core.app.InstrumentationActivityInvoker$EmptyActivity@d4ce40f
09-20 12:59:28.787   341   398 D goldfish-address-space: claimShared: Ask to claim region [0x3f0000000 0x3f09a4000]
09-20 12:59:28.801   341   398 D goldfish-address-space: claimShared: Ask to claim region [0x3f0fd0000 0x3f1974000]
09-20 12:59:28.804   341   398 D goldfish-address-space: claimShared: Ask to claim region [0x3f1974000 0x3f2318000]
09-20 12:59:28.824   565   612 I ActivityTaskManager: Displayed com.example.dogglers/androidx.test.core.app.InstrumentationActivityInvoker$EmptyActivity: +204ms
09-20 12:59:28.829 15020 15020 D LifecycleMonitor: Lifecycle status change: androidx.test.core.app.InstrumentationActivityInvoker$EmptyActivity@56890b1 in: STOPPED
09-20 12:59:28.829 15020 15020 V ActivityScenario: Activity lifecycle changed event received but ignored because the intent does not match. startActivityIntent=Intent { act=android.intent.action.MAIN cat=[android.intent.category.LAUNCHER] cmp=com.example.dogglers/.GridListActivity }, activity.getIntent()=Intent { act=android.intent.action.MAIN cat=[android.intent.category.LAUNCHER] flg=0x10000000 cmp=com.example.dogglers/androidx.test.core.app.InstrumentationActivityInvoker$EmptyActivity }, activity=androidx.test.core.app.InstrumentationActivityInvoker$EmptyActivity@56890b1
09-20 12:59:28.866   341   398 D goldfish-address-space: claimShared: Ask to claim region [0x3f2318000 0x3f2944000]
09-20 12:59:28.905 15020 15020 D LifecycleMonitor: Lifecycle status change: androidx.test.core.app.InstrumentationActivityInvoker$EmptyActivity@56890b1 in: DESTROYED
09-20 12:59:28.907 15020 15020 V ActivityScenario: Activity lifecycle changed event received but ignored because the intent does not match. startActivityIntent=Intent { act=android.intent.action.MAIN cat=[android.intent.category.LAUNCHER] cmp=com.example.dogglers/.GridListActivity }, activity.getIntent()=Intent { act=android.intent.action.MAIN cat=[android.intent.category.LAUNCHER] flg=0x10000000 cmp=com.example.dogglers/androidx.test.core.app.InstrumentationActivityInvoker$EmptyActivity }, activity=androidx.test.core.app.InstrumentationActivityInvoker$EmptyActivity@56890b1
09-20 12:59:28.910   565  1038 W InputManager-JNI: Input channel object 'afd5c5a com.example.dogglers/androidx.test.core.app.InstrumentationActivityInvoker$EmptyActivity (client)' was disposed without first being removed with the input manager!
09-20 12:59:28.917 15020 15020 D LifecycleMonitor: Lifecycle status change: androidx.test.core.app.InstrumentationActivityInvoker$EmptyActivity@d4ce40f in: PAUSED
09-20 12:59:28.919 15020 15020 V ActivityScenario: Activity lifecycle changed event received but ignored because the intent does not match. startActivityIntent=Intent { act=android.intent.action.MAIN cat=[android.intent.category.LAUNCHER] cmp=com.example.dogglers/.GridListActivity }, activity.getIntent()=Intent { act=android.intent.action.MAIN cat=[android.intent.category.LAUNCHER] flg=0x10000000 cmp=com.example.dogglers/androidx.test.core.app.InstrumentationActivityInvoker$EmptyActivity }, activity=androidx.test.core.app.InstrumentationActivityInvoker$EmptyActivity@d4ce40f
09-20 12:59:28.930 15020 15043 E TestRunner: failed: grid_list_content_at_last_position(com.example.dogglers.GridListTests)
09-20 12:59:28.930 15020 15043 E TestRunner: ----- begin exception -----
09-20 12:59:28.931 15020 15043 E TestRunner: androidx.test.espresso.NoMatchingViewException: No views in hierarchy found matching: an instance of android.widget.TextView and view.getText() with or without transformation to match: is "Bella"
09-20 12:59:28.931 15020 15043 E TestRunner:
09-20 12:59:28.931 15020 15043 E TestRunner: View Hierarchy:
09-20 12:59:28.931 15020 15043 E TestRunner: +>DecorView{id=-1, visibility=VISIBLE, width=1080, height=2340, has-focus=false, has-focusable=true, has-window-focus=true, is-clickable=false, is-enabled=true, is-focused=false, is-focusable=false, is-layout-requested=false, is-selected=false, layout-params={(0,0)(fillxfill) ty=BASE_APPLICATION wanim=0x10302fe
09-20 12:59:28.931 15020 15043 E TestRunner:   fl=LAYOUT_IN_SCREEN LAYOUT_INSET_DECOR SPLIT_TOUCH HARDWARE_ACCELERATED DRAWS_SYSTEM_BAR_BACKGROUNDS
09-20 12:59:28.931 15020 15043 E TestRunner:   pfl=NO_MOVE_ANIMATION FORCE_DRAW_STATUS_BAR_BACKGROUND FIT_INSETS_CONTROLLED
09-20 12:59:28.931 15020 15043 E TestRunner:   bhv=DEFAULT
09-20 12:59:28.931 15020 15043 E TestRunner:   fitSides=}, tag=null, root-is-layout-requested=false, has-input-connection=false, x=0.0, y=0.0, child-count=3}
09-20 12:59:28.931 15020 15043 E TestRunner: |
09-20 12:59:28.931 15020 15043 E TestRunner: +->LinearLayout{id=-1, visibility=VISIBLE, width=1080, height=2208, has-focus=false, has-focusable=true, has-window-focus=true, is-clickable=false, is-enabled=true, is-focused=false, is-focusable=false, is-layout-requested=false, is-selected=false, layout-params=android.widget.FrameLayout$LayoutParams@848d0a4, tag=null, root-is-layout-requested=false, has-input-connection=false, x=0.0, y=0.0, child-count=2}
09-20 12:59:28.931 15020 15043 E TestRunner: |
09-20 12:59:28.931 15020 15043 E TestRunner: +-->ViewStub{id=16908720, res-name=action_mode_bar_stub, visibility=GONE, width=0, height=0, has-focus=false, has-focusable=false, has-window-focus=true, is-clickable=false, is-enabled=true, is-focused=false, is-focusable=false, is-layout-requested=true, is-selected=false, layout-params=android.widget.LinearLayout$LayoutParams@96afe0d, tag=null, root-is-layout-requested=false, has-input-connection=false, x=0.0, y=0.0}
09-20 12:59:28.931 15020 15043 E TestRunner: |
09-20 12:59:28.931 15020 15043 E TestRunner: +-->FrameLayout{id=-1, visibility=VISIBLE, width=1080, height=2063, has-focus=false, has-focusable=true, has-window-focus=true, is-clickable=false, is-enabled=true, is-focused=false, is-focusable=false, is-layout-requested=false, is-selected=false, layout-params=android.widget.LinearLayout$LayoutParams@bcc1bd3, tag=null, root-is-layout-requested=false, has-input-connection=false, x=0.0, y=145.0, child-count=1}
09-20 12:59:28.931 15020 15043 E TestRunner: |
09-20 12:59:28.931 15020 15043 E TestRunner: +--->ActionBarOverlayLayout{id=2131230866, res-name=decor_content_parent, visibility=VISIBLE, width=1080, height=2063, has-focus=false, has-focusable=true, has-window-focus=true, is-clickable=false, is-enabled=true, is-focused=false, is-focusable=false, is-layout-requested=false, is-selected=false, layout-params=android.widget.FrameLayout$LayoutParams@8c9c80e, tag=null, root-is-layout-requested=false, has-input-connection=false, x=0.0, y=0.0, child-count=2}
09-20 12:59:28.931 15020 15043 E TestRunner: |
09-20 12:59:28.931 15020 15043 E TestRunner: +---->ContentFrameLayout{id=16908290, res-name=content, visibility=VISIBLE, width=1080, height=1909, has-focus=false, has-focusable=true, has-window-focus=true, is-clickable=false, is-enabled=true, is-focused=false, is-focusable=false, is-layout-requested=false, is-selected=false, layout-params=androidx.appcompat.widget.ActionBarOverlayLayout$LayoutParams@5d3903c, tag=null, root-is-layout-requested=false, has-input-connection=false, x=0.0, y=154.0, child-count=1}
09-20 12:59:28.931 15020 15043 E TestRunner: |
09-20 12:59:28.931 15020 15043 E TestRunner: +----->FrameLayout{id=-1, visibility=VISIBLE, width=1080, height=1909, has-focus=false, has-focusable=true, has-window-focus=true, is-clickable=false, is-enabled=true, is-focused=false, is-focusable=false, is-layout-requested=false, is-selected=false, layout-params=android.widget.FrameLayout$LayoutParams@a5e571a, tag=null, root-is-layout-requested=false, has-input-connection=false, x=0.0, y=0.0, child-count=1}
09-20 12:59:28.931 15020 15043 E TestRunner: |
09-20 12:59:28.931 15020 15043 E TestRunner: +------>RecyclerView{id=2131230933, res-name=grid_recycler_view, visibility=VISIBLE, width=1080, height=1909, has-focus=false, has-focusable=true, has-window-focus=true, is-clickable=false, is-enabled=true, is-focused=false, is-focusable=true, is-layout-requested=false, is-selected=false, layout-params=android.widget.FrameLayout$LayoutParams@d1324b, tag=null, root-is-layout-requested=false, has-input-connection=false, x=0.0, y=0.0, child-count=0}
09-20 12:59:28.931 15020 15043 E TestRunner: |
09-20 12:59:28.931 15020 15043 E TestRunner: +---->ActionBarContainer{id=2131230774, res-name=action_bar_container, visibility=VISIBLE, width=1080, height=154, has-focus=false, has-focusable=false, has-window-focus=true, is-clickable=false, is-enabled=true, is-focused=false, is-focusable=false, is-layout-requested=false, is-selected=false, layout-params=androidx.appcompat.widget.ActionBarOverlayLayout$LayoutParams@a7acae6, tag=null, root-is-layout-requested=false, has-input-connection=false, x=0.0, y=0.0, child-count=2}
09-20 12:59:28.931 15020 15043 E TestRunner: |
09-20 12:59:28.931 15020 15043 E TestRunner: +----->Toolbar{id=2131230772, res-name=action_bar, visibility=VISIBLE, width=1080, height=154, has-focus=false, has-focusable=false, has-window-focus=true, is-clickable=false, is-enabled=true, is-focused=false, is-focusable=false, is-layout-requested=false, is-selected=false, layout-params=android.widget.FrameLayout$LayoutParams@898af72, tag=null, root-is-layout-requested=false, has-input-connection=false, x=0.0, y=0.0, child-count=3}
09-20 12:59:28.931 15020 15043 E TestRunner: |
09-20 12:59:28.931 15020 15043 E TestRunner: +------>AppCompatTextView{id=-1, visibility=VISIBLE, width=219, height=74, has-focus=false, has-focusable=false, has-window-focus=true, is-clickable=false, is-enabled=true, is-focused=false, is-focusable=false, is-layout-requested=false, is-selected=false, layout-params=androidx.appcompat.widget.Toolbar$LayoutParams@2a39fc3, tag=null, root-is-layout-requested=false, has-input-connection=false, x=198.0, y=40.0, text=Dogglers, input-type=0, ime-target=false, has-links=false}
09-20 12:59:28.931 15020 15043 E TestRunner: |
09-20 12:59:28.931 15020 15043 E TestRunner: +------>AppCompatImageButton{id=-1, desc=Navigate up, visibility=VISIBLE, width=154, height=154, has-focus=false, has-focusable=false, has-window-focus=true, is-clickable=true, is-enabled=true, is-focused=false, is-focusable=true, is-layout-requested=false, is-selected=false, layout-params=androidx.appcompat.widget.Toolbar$LayoutParams@e2aa040, tag=null, root-is-layout-requested=false, has-input-connection=false, x=0.0, y=0.0}
09-20 12:59:28.931 15020 15043 E TestRunner: |
09-20 12:59:28.931 15020 15043 E TestRunner: +------>ActionMenuView{id=-1, visibility=VISIBLE, width=0, height=154, has-focus=false, has-focusable=false, has-window-focus=true, is-clickable=false, is-enabled=true, is-focused=false, is-focusable=false, is-layout-requested=false, is-selected=false, layout-params=androidx.appcompat.widget.Toolbar$LayoutParams@679eb79, tag=null, root-is-layout-requested=false, has-input-connection=false, x=1080.0, y=0.0, child-count=0}
09-20 12:59:28.931 15020 15043 E TestRunner: |
09-20 12:59:28.931 15020 15043 E TestRunner: +----->ActionBarContextView{id=2131230780, res-name=action_context_bar, visibility=GONE, width=0, height=0, has-focus=false, has-focusable=false, has-window-focus=true, is-clickable=false, is-enabled=true, is-focused=false, is-focusable=false, is-layout-requested=true, is-selected=false, layout-params=android.widget.FrameLayout$LayoutParams@3e50be, tag=null, root-is-layout-requested=false, has-input-connection=false, x=0.0, y=0.0, child-count=0}
09-20 12:59:28.931 15020 15043 E TestRunner: |
09-20 12:59:28.931 15020 15043 E TestRunner: +->View{id=16908336, res-name=navigationBarBackground, visibility=VISIBLE, width=1080, height=132, has-focus=false, has-focusable=false, has-window-focus=true, is-clickable=false, is-enabled=true, is-focused=false, is-focusable=false, is-layout-requested=false, is-selected=false, layout-params=android.widget.FrameLayout$LayoutParams@816751f, tag=null, root-is-layout-requested=false, has-input-connection=false, x=0.0, y=2208.0}
09-20 12:59:28.931 15020 15043 E TestRunner: |
09-20 12:59:28.931 15020 15043 E TestRunner: +->View{id=16908335, res-name=statusBarBackground, visibility=VISIBLE, width=1080, height=145, has-focus=false, has-focusable=false, has-window-focus=true, is-clickable=false, is-enabled=true, is-focused=false, is-focusable=false, is-layout-requested=false, is-selected=false, layout-params=android.widget.FrameLayout$LayoutParams@e39806c, tag=null, root-is-layout-requested=false, has-input-connection=false, x=0.0, y=0.0}
09-20 12:59:28.931 15020 15043 E TestRunner: 	at dalvik.system.VMStack.getThreadStackTrace(Native Method)
09-20 12:59:28.931 15020 15043 E TestRunner: 	at java.lang.Thread.getStackTrace(Thread.java:1724)
09-20 12:59:28.931 15020 15043 E TestRunner: 	at androidx.test.espresso.base.DefaultFailureHandler.getUserFriendlyError(DefaultFailureHandler.java:12)
09-20 12:59:28.931 15020 15043 E TestRunner: 	at androidx.test.espresso.base.DefaultFailureHandler.handle(DefaultFailureHandler.java:7)
09-20 12:59:28.931 15020 15043 E TestRunner: 	at androidx.test.espresso.ViewInteraction.waitForAndHandleInteractionResults(ViewInteraction.java:8)
09-20 12:59:28.931 15020 15043 E TestRunner: 	at androidx.test.espresso.ViewInteraction.check(ViewInteraction.java:12)
09-20 12:59:28.931 15020 15043 E TestRunner: 	at com.example.dogglers.GridListTests.grid_list_content_at_last_position(GridListTests.kt:54)
09-20 12:59:28.931 15020 15043 E TestRunner: 	at java.lang.reflect.Method.invoke(Native Method)
09-20 12:59:28.931 15020 15043 E TestRunner: 	at org.junit.runners.model.FrameworkMethod$1.runReflectiveCall(FrameworkMethod.java:50)
09-20 12:59:28.931 15020 15043 E TestRunner: 	at org.junit.internal.runners.model.ReflectiveCallable.run(ReflectiveCallable.java:12)
09-20 12:59:28.931 15020 15043 E TestRunner: 	at org.junit.runners.model.FrameworkMethod.invokeExplosively(FrameworkMethod.java:47)
09-20 12:59:28.931 15020 15043 E TestRunner: 	at org.junit.internal.runners.statements.InvokeMethod.evaluate(InvokeMethod.java:17)
09-20 12:59:28.931 15020 15043 E TestRunner: 	at org.junit.rules.ExternalResource$1.evaluate(ExternalResource.java:48)
09-20 12:59:28.931 15020 15043 E TestRunner: 	at org.junit.rules.RunRules.evaluate(RunRules.java:20)
09-20 12:59:28.931 15020 15043 E TestRunner: 	at org.junit.runners.ParentRunner.runLeaf(ParentRunner.java:325)
09-20 12:59:28.931 15020 15043 E TestRunner: 	at org.junit.runners.BlockJUnit4ClassRunner.runChild(BlockJUnit4ClassRunner.java:78)
09-20 12:59:28.931 15020 15043 E TestRunner: 	at org.junit.runners.BlockJUnit4ClassRunner.runChild(BlockJUnit4ClassRunner.java:57)
09-20 12:59:28.931 15020 15043 E TestRunner: 	at org.junit.runners.ParentRunner$3.run(ParentRunner.java:290)
09-20 12:59:28.931 15020 15043 E TestRunner: 	at org.junit.runners.ParentRunner$1.schedule(ParentRunner.java:71)
09-20 12:59:28.931 15020 15043 E TestRunner: 	at org.junit.runners.ParentRunner.runChildren(ParentRunner.java:288)
09-20 12:59:28.931 15020 15043 E TestRunner: 	at org.junit.runners.ParentRunner.access$000(ParentRunner.java:58)
09-20 12:59:28.931 15020 15043 E TestRunner: 	at org.junit.runners.ParentRunner$2.evaluate(ParentRunner.java:268)
09-20 12:59:28.931 15020 15043 E TestRunner: 	at org.junit.runners.ParentRunner.run(ParentRunner.java:363)
09-20 12:59:28.931 15020 15043 E TestRunner: 	at androidx.test.ext.junit.runners.AndroidJUnit4.run(AndroidJUnit4.java:162)
09-20 12:59:28.931 15020 15043 E TestRunner: 	at org.junit.runners.Suite.runChild(Suite.java:128)
09-20 12:59:28.931 15020 15043 E TestRunner: 	at org.junit.runners.Suite.runChild(Suite.java:27)
09-20 12:59:28.931 15020 15043 E TestRunner: 	at org.junit.runners.ParentRunner$3.run(ParentRunner.java:290)
09-20 12:59:28.931 15020 15043 E TestRunner: 	at org.junit.runners.ParentRunner$1.schedule(ParentRunner.java:71)
09-20 12:59:28.931 15020 15043 E TestRunner: 	at org.junit.runners.ParentRunner.runChildren(ParentRunner.java:288)
09-20 12:59:28.931 15020 15043 E TestRunner: 	at org.junit.runners.ParentRunner.access$000(ParentRunner.java:58)
09-20 12:59:28.931 15020 15043 E TestRunner: 	at org.junit.runners.ParentRunner$2.evaluate(ParentRunner.java:268)
09-20 12:59:28.931 15020 15043 E TestRunner: 	at org.junit.runners.ParentRunner.run(ParentRunner.java:363)
09-20 12:59:28.931 15020 15043 E TestRunner: 	at org.junit.runner.JUnitCore.run(JUnitCore.java:137)
09-20 12:59:28.931 15020 15043 E TestRunner: 	at org.junit.runner.JUnitCore.run(JUnitCore.java:115)
09-20 12:59:28.931 15020 15043 E TestRunner: 	at androidx.test.internal.runner.TestExecutor.execute(TestExecutor.java:56)
09-20 12:59:28.931 15020 15043 E TestRunner: 	at androidx.test.runner.AndroidJUnitRunner.onStart(AndroidJUnitRunner.java:444)
09-20 12:59:28.931 15020 15043 E TestRunner: 	at android.app.Instrumentation$InstrumentationThread.run(Instrumentation.java:2248)
09-20 12:59:28.931 15020 15043 E TestRunner: ----- end exception -----
09-20 12:59:28.939   957  1047 D EGL_emulation: app_time_stats: avg=15.85ms min=1.96ms max=79.80ms count=42
09-20 12:59:28.953 15020 15043 I TestRunner: finished: grid_list_content_at_last_position(com.example.dogglers.GridListTests)
