09-20 12:59:29.567 15020 15043 I TestRunner: started: grid_list_content_at_first_position(com.example.dogglers.GridListTests)
09-20 12:59:29.589 15020 15043 W Settings: Setting always_finish_activities has moved from android.provider.Settings.System to android.provider.Settings.Global, returning read-only value.
09-20 12:59:29.618   957  1045 D SplashScreenView: Build android.window.SplashScreenView{8ad1e0a V.E...... ......ID 0,0-0,0}
09-20 12:59:29.618   957  1045 D SplashScreenView: Icon: view: null drawable: null size: 0
09-20 12:59:29.618   957  1045 D SplashScreenView: Branding: view: android.view.View{699067b G.ED..... ......I. 0,0-0,0 #10204a6 android:id/splashscreen_branding_view} drawable: null size w: 0 h: 0
09-20 12:59:29.640 15020 15020 D LifecycleMonitor: Lifecycle status change: androidx.test.core.app.InstrumentationActivityInvoker$BootstrapActivity@5452334 in: PRE_ON_CREATE
09-20 12:59:29.641 15020 15020 V ActivityScenario: Activity lifecycle changed event received but ignored because the intent does not match. startActivityIntent=Intent { act=android.intent.action.MAIN cat=[android.intent.category.LAUNCHER] cmp=com.example.dogglers/.GridListActivity }, activity.getIntent()=Intent { act=android.intent.action.MAIN cat=[android.intent.category.LAUNCHER] flg=0x10008000 cmp=com.example.dogglers/androidx.test.core.app.InstrumentationActivityInvoker$BootstrapActivity (has extras) }, activity=androidx.test.core.app.InstrumentationActivityInvoker$BootstrapActivity@5452334
09-20 12:59:29.654 15020 15020 D LifecycleMonitor: Lifecycle status change: androidx.test.core.app.InstrumentationActivityInvoker$BootstrapActivity@5452334 in: CREATED
09-20 12:59:29.658 15020 15020 V ActivityScenario: Activity lifecycle changed event received but ignored because the intent does not match. startActivityIntent=Intent { act=android.intent.action.MAIN cat=[android.intent.category.LAUNCHER] cmp=com.example.dogglers/.GridListActivity }, activity.getIntent()=Intent { act=android.intent.action.MAIN cat=[android.intent.category.LAUNCHER] flg=0x10008000 cmp=com.example.dogglers/androidx.test.core.app.InstrumentationActivityInvoker$BootstrapActivity (has extras) }, activity=androidx.test.core.app.InstrumentationActivityInvoker$BootstrapActivity@5452334
09-20 12:59:29.660 15020 15020 D LifecycleMonitor: Lifecycle status change: androidx.test.core.app.InstrumentationActivityInvoker$BootstrapActivity@5452334 in: STARTED
09-20 12:59:29.660 15020 15020 V ActivityScenario: Activity lifecycle changed event received but ignored because the intent does not match. startActivityIntent=Intent { act=android.intent.action.MAIN cat=[android.intent.category.LAUNCHER] cmp=com.example.dogglers/.GridListActivity }, activity.getIntent()=Intent { act=android.intent.action.MAIN cat=[android.intent.category.LAUNCHER] flg=0x10008000 cmp=com.example.dogglers/androidx.test.core.app.InstrumentationActivityInvoker$BootstrapActivity (has extras) }, activity=androidx.test.core.app.InstrumentationActivityInvoker$BootstrapActivity@5452334
09-20 12:59:29.671   341   398 D goldfish-address-space: claimShared: Ask to claim region [0x3f0000000 0x3f09a4000]
09-20 12:59:29.684   341   398 D goldfish-address-space: claimShared: Ask to claim region [0x3f0fd0000 0x3f1974000]
09-20 12:59:29.688 15020 15020 D LifecycleMonitor: Lifecycle status change: androidx.test.core.app.InstrumentationActivityInvoker$BootstrapActivity@5452334 in: RESUMED
09-20 12:59:29.688 15020 15020 V ActivityScenario: Activity lifecycle changed event received but ignored because the intent does not match. startActivityIntent=Intent { act=android.intent.action.MAIN cat=[android.intent.category.LAUNCHER] cmp=com.example.dogglers/.GridListActivity }, activity.getIntent()=Intent { act=android.intent.action.MAIN cat=[android.intent.category.LAUNCHER] flg=0x10008000 cmp=com.example.dogglers/androidx.test.core.app.InstrumentationActivityInvoker$BootstrapActivity (has extras) }, activity=androidx.test.core.app.InstrumentationActivityInvoker$BootstrapActivity@5452334
09-20 12:59:29.709 15020 15020 D LifecycleMonitor: Lifecycle status change: androidx.test.core.app.InstrumentationActivityInvoker$BootstrapActivity@5452334 in: PAUSED
09-20 12:59:29.709 15020 15020 V ActivityScenario: Activity lifecycle changed event received but ignored because the intent does not match. startActivityIntent=Intent { act=android.intent.action.MAIN cat=[android.intent.category.LAUNCHER] cmp=com.example.dogglers/.GridListActivity }, activity.getIntent()=Intent { act=android.intent.action.MAIN cat=[android.intent.category.LAUNCHER] flg=0x10008000 cmp=com.example.dogglers/androidx.test.core.app.InstrumentationActivityInvoker$BootstrapActivity (has extras) }, activity=androidx.test.core.app.InstrumentationActivityInvoker$BootstrapActivity@5452334
09-20 12:59:29.724   341   398 D goldfish-address-space: claimShared: Ask to claim region [0x3f1974000 0x3f2318000]
09-20 12:59:29.731  2858  2858 I GsaVoiceInteractionSrv: Handling ACTION_STOP_HOTWORD
09-20 12:59:29.732  2858  2858 E HwDetectorWithState: a: 3
09-20 12:59:29.769 15020 15020 D LifecycleMonitor: Lifecycle status change: com.example.dogglers.GridListActivity@e05061e in: PRE_ON_CREATE
09-20 12:59:29.769 15020 15020 V ActivityScenario: Activity lifecycle changed event received but ignored because the reported transition was not ON_CREATE while the last known transition was PRE_ON_CREATE
09-20 12:59:29.809 15020 15020 D LifecycleMonitor: Lifecycle status change: com.example.dogglers.GridListActivity@e05061e in: CREATED
09-20 12:59:29.810 15020 15020 V ActivityScenario: Update currentActivityStage to CREATED, currentActivity=com.example.dogglers.GridListActivity@e05061e
09-20 12:59:29.811 15020 15020 D LifecycleMonitor: Lifecycle status change: com.example.dogglers.GridListActivity@e05061e in: STARTED
09-20 12:59:29.812 15020 15020 V ActivityScenario: Update currentActivityStage to STARTED, currentActivity=com.example.dogglers.GridListActivity@e05061e
09-20 12:59:29.814 15020 15020 D LifecycleMonitor: Lifecycle status change: com.example.dogglers.GridListActivity@e05061e in: RESUMED
09-20 12:59:29.814 15020 15020 V ActivityScenario: Update currentActivityStage to RESUMED, currentActivity=com.example.dogglers.GridListActivity@e05061e
09-20 12:59:29.856   341   398 D goldfish-address-space: claimShared: Ask to claim region [0x3f9348000 0x3f9cec000]
09-20 12:59:29.870   341   398 D goldfish-address-space: claimShared: Ask to claim region [0x3f9cec000 0x3fa690000]
09-20 12:59:29.886   341   398 D goldfish-address-space: claimShared: Ask to claim region [0x3fa690000 0x3fb034000]
09-20 12:59:29.933   565   612 I ActivityTaskManager: Displayed com.example.dogglers/.GridListActivity: +326ms
09-20 12:59:29.966  2835  2835 I GoogleInputMethodService: GoogleInputMethodService.onFinishInput():3420
09-20 12:59:29.967  2835  2835 I GoogleInputMethodService: GoogleInputMethodService.onStartInput():2002
09-20 12:59:29.969  2835  2835 I DeviceUnlockedTag: DeviceUnlockedTag.notifyDeviceLockStatusChanged():31 Notify device unlocked.
09-20 12:59:30.081  2644  2644 I A       : onApplyWindowInsets: systemWindowInsets=Insets{left=0, top=145, right=0, bottom=132}
09-20 12:59:30.081  2644  2644 I A       : onApplyWindowInsets: Adjusting for display cutouts. Safe insets: left=0, top=136, right=0, bottom=0
09-20 12:59:30.081  2644  2644 I A       : onApplyWindowInsets: systemWindowInsets=Insets{left=0, top=145, right=0, bottom=132}
09-20 12:59:30.117 15020 15020 D LifecycleMonitor: Lifecycle status change: androidx.test.core.app.InstrumentationActivityInvoker$BootstrapActivity@5452334 in: STOPPED
09-20 12:59:30.118 15020 15020 V ActivityScenario: Activity lifecycle changed event received but ignored because the intent does not match. startActivityIntent=Intent { act=android.intent.action.MAIN cat=[android.intent.category.LAUNCHER] cmp=com.example.dogglers/.GridListActivity }, activity.getIntent()=Intent { act=android.intent.action.MAIN cat=[android.intent.category.LAUNCHER] flg=0x10008000 cmp=com.example.dogglers/androidx.test.core.app.InstrumentationActivityInvoker$BootstrapActivity (has extras) }, activity=androidx.test.core.app.InstrumentationActivityInvoker$BootstrapActivity@5452334
09-20 12:59:30.136 15020 15020 I ViewInteraction: Checking 'MatchesViewAssertion{viewMatcher=(view has effective visibility <VISIBLE> and view.getGlobalVisibleRect() to return non-empty rectangle)}' assertion on view an instance of android.widget.TextView and view.getText() with or without transformation to match: is "Tzeitel"
09-20 12:59:30.137   957  1047 D EGL_emulation: app_time_stats: avg=60.40ms min=2.17ms max=703.58ms count=16
09-20 12:59:30.141 15020 15020 E ViewAssertions: '(view has effective visibility <VISIBLE> and view.getGlobalVisibleRect() to return non-empty rectangle)' check could not be performed because view 'an instance of android.widget.TextView and view.getText() with or without transformation to match: is "Tzeitel"' was not found.
09-20 12:59:30.163 15020 15020 D LifecycleMonitor: Lifecycle status change: com.example.dogglers.GridListActivity@e05061e in: PAUSED
09-20 12:59:30.163 15020 15020 V ActivityScenario: Update currentActivityStage to PAUSED, currentActivity=com.example.dogglers.GridListActivity@e05061e
09-20 12:59:30.190 15020 15020 D LifecycleMonitor: Lifecycle status change: androidx.test.core.app.InstrumentationActivityInvoker$EmptyActivity@abd00de in: PRE_ON_CREATE
09-20 12:59:30.192 15020 15020 V ActivityScenario: Activity lifecycle changed event received but ignored because the intent does not match. startActivityIntent=Intent { act=android.intent.action.MAIN cat=[android.intent.category.LAUNCHER] cmp=com.example.dogglers/.GridListActivity }, activity.getIntent()=Intent { act=android.intent.action.MAIN cat=[android.intent.category.LAUNCHER] flg=0x10000000 cmp=com.example.dogglers/androidx.test.core.app.InstrumentationActivityInvoker$EmptyActivity }, activity=androidx.test.core.app.InstrumentationActivityInvoker$EmptyActivity@abd00de
09-20 12:59:30.206 15020 15020 D LifecycleMonitor: Lifecycle status change: androidx.test.core.app.InstrumentationActivityInvoker$EmptyActivity@abd00de in: CREATED
09-20 12:59:30.208 15020 15020 V ActivityScenario: Activity lifecycle changed event received but ignored because the intent does not match. startActivityIntent=Intent { act=android.intent.action.MAIN cat=[android.intent.category.LAUNCHER] cmp=com.example.dogglers/.GridListActivity }, activity.getIntent()=Intent { act=android.intent.action.MAIN cat=[android.intent.category.LAUNCHER] flg=0x10000000 cmp=com.example.dogglers/androidx.test.core.app.InstrumentationActivityInvoker$EmptyActivity }, activity=androidx.test.core.app.InstrumentationActivityInvoker$EmptyActivity@abd00de
09-20 12:59:30.214 15020 15020 D LifecycleMonitor: Lifecycle status change: androidx.test.core.app.InstrumentationActivityInvoker$EmptyActivity@abd00de in: STARTED
09-20 12:59:30.214 15020 15020 V ActivityScenario: Activity lifecycle changed event received but ignored because the intent does not match. startActivityIntent=Intent { act=android.intent.action.MAIN cat=[android.intent.category.LAUNCHER] cmp=com.example.dogglers/.GridListActivity }, activity.getIntent()=Intent { act=android.intent.action.MAIN cat=[android.intent.category.LAUNCHER] flg=0x10000000 cmp=com.example.dogglers/androidx.test.core.app.InstrumentationActivityInvoker$EmptyActivity }, activity=androidx.test.core.app.InstrumentationActivityInvoker$EmptyActivity@abd00de
09-20 12:59:30.218 15020 15020 D LifecycleMonitor: Lifecycle status change: androidx.test.core.app.InstrumentationActivityInvoker$EmptyActivity@abd00de in: RESUMED
09-20 12:59:30.218 15020 15020 V ActivityScenario: Activity lifecycle changed event received but ignored because the intent does not match. startActivityIntent=Intent { act=android.intent.action.MAIN cat=[android.intent.category.LAUNCHER] cmp=com.example.dogglers/.GridListActivity }, activity.getIntent()=Intent { act=android.intent.action.MAIN cat=[android.intent.category.LAUNCHER] flg=0x10000000 cmp=com.example.dogglers/androidx.test.core.app.InstrumentationActivityInvoker$EmptyActivity }, activity=androidx.test.core.app.InstrumentationActivityInvoker$EmptyActivity@abd00de
09-20 12:59:30.271   341   398 D goldfish-address-space: claimShared: Ask to claim region [0x3f2944000 0x3f32e8000]
09-20 12:59:30.276   341   398 D goldfish-address-space: claimShared: Ask to claim region [0x3f7167000 0x3f7b0b000]
09-20 12:59:30.279   341   398 D goldfish-address-space: claimShared: Ask to claim region [0x3f4000000 0x3f49a4000]
09-20 12:59:30.286   565  2436 W InputManager-JNI: Input channel object '9003358 Splash Screen com.example.dogglers (client)' was disposed without first being removed with the input manager!
09-20 12:59:30.306   565   612 I ActivityTaskManager: Displayed com.example.dogglers/androidx.test.core.app.InstrumentationActivityInvoker$EmptyActivity: +157ms
09-20 12:59:30.315 15020 15020 D LifecycleMonitor: Lifecycle status change: com.example.dogglers.GridListActivity@e05061e in: STOPPED
09-20 12:59:30.316 15020 15020 V ActivityScenario: Update currentActivityStage to STOPPED, currentActivity=com.example.dogglers.GridListActivity@e05061e
09-20 12:59:30.344 15020 15020 D LifecycleMonitor: Lifecycle status change: com.example.dogglers.GridListActivity@e05061e in: DESTROYED
09-20 12:59:30.345 15020 15020 V ActivityScenario: Update currentActivityStage to DESTROYED, currentActivity=null
09-20 12:59:30.351   565  2675 W InputManager-JNI: Input channel object '4a5e21e com.example.dogglers/com.example.dogglers.GridListActivity (client)' was disposed without first being removed with the input manager!
09-20 12:59:30.371 15020 15020 D LifecycleMonitor: Lifecycle status change: androidx.test.core.app.InstrumentationActivityInvoker$EmptyActivity@abd00de in: PAUSED
09-20 12:59:30.371 15020 15020 V ActivityScenario: Activity lifecycle changed event received but ignored because the intent does not match. startActivityIntent=Intent { act=android.intent.action.MAIN cat=[android.intent.category.LAUNCHER] cmp=com.example.dogglers/.GridListActivity }, activity.getIntent()=Intent { act=android.intent.action.MAIN cat=[android.intent.category.LAUNCHER] flg=0x10000000 cmp=com.example.dogglers/androidx.test.core.app.InstrumentationActivityInvoker$EmptyActivity }, activity=androidx.test.core.app.InstrumentationActivityInvoker$EmptyActivity@abd00de
09-20 12:59:30.389 15020 15020 D LifecycleMonitor: Lifecycle status change: androidx.test.core.app.InstrumentationActivityInvoker$BootstrapActivity@5452334 in: DESTROYED
09-20 12:59:30.391 15020 15020 V ActivityScenario: Activity lifecycle changed event received but ignored because the intent does not match. startActivityIntent=Intent { act=android.intent.action.MAIN cat=[android.intent.category.LAUNCHER] cmp=com.example.dogglers/.GridListActivity }, activity.getIntent()=Intent { act=android.intent.action.MAIN cat=[android.intent.category.LAUNCHER] flg=0x10008000 cmp=com.example.dogglers/androidx.test.core.app.InstrumentationActivityInvoker$BootstrapActivity (has extras) }, activity=androidx.test.core.app.InstrumentationActivityInvoker$BootstrapActivity@5452334
09-20 12:59:30.405 15020 15020 D LifecycleMonitor: Lifecycle status change: androidx.test.core.app.InstrumentationActivityInvoker$EmptyActivity@8ccbab7 in: PRE_ON_CREATE
09-20 12:59:30.409 15020 15020 V ActivityScenario: Activity lifecycle changed event received but ignored because the intent does not match. startActivityIntent=Intent { act=android.intent.action.MAIN cat=[android.intent.category.LAUNCHER] cmp=com.example.dogglers/.GridListActivity }, activity.getIntent()=Intent { act=android.intent.action.MAIN cat=[android.intent.category.LAUNCHER] flg=0x10000000 cmp=com.example.dogglers/androidx.test.core.app.InstrumentationActivityInvoker$EmptyActivity }, activity=androidx.test.core.app.InstrumentationActivityInvoker$EmptyActivity@8ccbab7
09-20 12:59:30.427 15020 15020 D LifecycleMonitor: Lifecycle status change: androidx.test.core.app.InstrumentationActivityInvoker$EmptyActivity@8ccbab7 in: CREATED
09-20 12:59:30.428 15020 15020 V ActivityScenario: Activity lifecycle changed event received but ignored because the intent does not match. startActivityIntent=Intent { act=android.intent.action.MAIN cat=[android.intent.category.LAUNCHER] cmp=com.example.dogglers/.GridListActivity }, activity.getIntent()=Intent { act=android.intent.action.MAIN cat=[android.intent.category.LAUNCHER] flg=0x10000000 cmp=com.example.dogglers/androidx.test.core.app.InstrumentationActivityInvoker$EmptyActivity }, activity=androidx.test.core.app.InstrumentationActivityInvoker$EmptyActivity@8ccbab7
09-20 12:59:30.439 15020 15020 D LifecycleMonitor: Lifecycle status change: androidx.test.core.app.InstrumentationActivityInvoker$EmptyActivity@8ccbab7 in: STARTED
09-20 12:59:30.442 15020 15020 V ActivityScenario: Activity lifecycle changed event received but ignored because the intent does not match. startActivityIntent=Intent { act=android.intent.action.MAIN cat=[android.intent.category.LAUNCHER] cmp=com.example.dogglers/.GridListActivity }, activity.getIntent()=Intent { act=android.intent.action.MAIN cat=[android.intent.category.LAUNCHER] flg=0x10000000 cmp=com.example.dogglers/androidx.test.core.app.InstrumentationActivityInvoker$EmptyActivity }, activity=androidx.test.core.app.InstrumentationActivityInvoker$EmptyActivity@8ccbab7
09-20 12:59:30.446 15020 15020 D LifecycleMonitor: Lifecycle status change: androidx.test.core.app.InstrumentationActivityInvoker$EmptyActivity@8ccbab7 in: RESUMED
09-20 12:59:30.448 15020 15020 V ActivityScenario: Activity lifecycle changed event received but ignored because the intent does not match. startActivityIntent=Intent { act=android.intent.action.MAIN cat=[android.intent.category.LAUNCHER] cmp=com.example.dogglers/.GridListActivity }, activity.getIntent()=Intent { act=android.intent.action.MAIN cat=[android.intent.category.LAUNCHER] flg=0x10000000 cmp=com.example.dogglers/androidx.test.core.app.InstrumentationActivityInvoker$EmptyActivity }, activity=androidx.test.core.app.InstrumentationActivityInvoker$EmptyActivity@8ccbab7
09-20 12:59:30.488   341   398 D goldfish-address-space: claimShared: Ask to claim region [0x3f0000000 0x3f09a4000]
09-20 12:59:30.496   341   398 D goldfish-address-space: claimShared: Ask to claim region [0x3f1974000 0x3f2318000]
09-20 12:59:30.504   341   398 D goldfish-address-space: claimShared: Ask to claim region [0x3f49a4000 0x3f5348000]
09-20 12:59:30.520 15020 15043 E TestRunner: failed: grid_list_content_at_first_position(com.example.dogglers.GridListTests)
09-20 12:59:30.520 15020 15043 E TestRunner: ----- begin exception -----
09-20 12:59:30.531   565   612 I ActivityTaskManager: Displayed com.example.dogglers/androidx.test.core.app.InstrumentationActivityInvoker$EmptyActivity: +209ms
09-20 12:59:30.534 15020 15043 E TestRunner: androidx.test.espresso.NoMatchingViewException: No views in hierarchy found matching: an instance of android.widget.TextView and view.getText() with or without transformation to match: is "Tzeitel"
09-20 12:59:30.534 15020 15043 E TestRunner:
09-20 12:59:30.534 15020 15043 E TestRunner: View Hierarchy:
09-20 12:59:30.534 15020 15043 E TestRunner: +>DecorView{id=-1, visibility=VISIBLE, width=1080, height=2340, has-focus=false, has-focusable=true, has-window-focus=true, is-clickable=false, is-enabled=true, is-focused=false, is-focusable=false, is-layout-requested=false, is-selected=false, layout-params={(0,0)(fillxfill) ty=BASE_APPLICATION wanim=0x10302fe
09-20 12:59:30.534 15020 15043 E TestRunner:   fl=LAYOUT_IN_SCREEN LAYOUT_INSET_DECOR SPLIT_TOUCH HARDWARE_ACCELERATED DRAWS_SYSTEM_BAR_BACKGROUNDS
09-20 12:59:30.534 15020 15043 E TestRunner:   pfl=NO_MOVE_ANIMATION FORCE_DRAW_STATUS_BAR_BACKGROUND FIT_INSETS_CONTROLLED
09-20 12:59:30.534 15020 15043 E TestRunner:   bhv=DEFAULT
09-20 12:59:30.534 15020 15043 E TestRunner:   fitSides=}, tag=null, root-is-layout-requested=false, has-input-connection=false, x=0.0, y=0.0, child-count=3}
09-20 12:59:30.534 15020 15043 E TestRunner: |
09-20 12:59:30.534 15020 15043 E TestRunner: +->LinearLayout{id=-1, visibility=VISIBLE, width=1080, height=2208, has-focus=false, has-focusable=true, has-window-focus=true, is-clickable=false, is-enabled=true, is-focused=false, is-focusable=false, is-layout-requested=false, is-selected=false, layout-params=android.widget.FrameLayout$LayoutParams@fa62ff5, tag=null, root-is-layout-requested=false, has-input-connection=false, x=0.0, y=0.0, child-count=2}
09-20 12:59:30.534 15020 15043 E TestRunner: |
09-20 12:59:30.534 15020 15043 E TestRunner: +-->ViewStub{id=16908720, res-name=action_mode_bar_stub, visibility=GONE, width=0, height=0, has-focus=false, has-focusable=false, has-window-focus=true, is-clickable=false, is-enabled=true, is-focused=false, is-focusable=false, is-layout-requested=true, is-selected=false, layout-params=android.widget.LinearLayout$LayoutParams@8dd418a, tag=null, root-is-layout-requested=false, has-input-connection=false, x=0.0, y=0.0}
09-20 12:59:30.534 15020 15043 E TestRunner: |
09-20 12:59:30.534 15020 15043 E TestRunner: +-->FrameLayout{id=-1, visibility=VISIBLE, width=1080, height=2063, has-focus=false, has-focusable=true, has-window-focus=true, is-clickable=false, is-enabled=true, is-focused=false, is-focusable=false, is-layout-requested=false, is-selected=false, layout-params=android.widget.LinearLayout$LayoutParams@d5cfc18, tag=null, root-is-layout-requested=false, has-input-connection=false, x=0.0, y=145.0, child-count=1}
09-20 12:59:30.534 15020 15043 E TestRunner: |
09-20 12:59:30.534 15020 15043 E TestRunner: +--->ActionBarOverlayLayout{id=2131230866, res-name=decor_content_parent, visibility=VISIBLE, width=1080, height=2063, has-focus=false, has-focusable=true, has-window-focus=true, is-clickable=false, is-enabled=true, is-focused=false, is-focusable=false, is-layout-requested=false, is-selected=false, layout-params=android.widget.FrameLayout$LayoutParams@a9c04d7, tag=null, root-is-layout-requested=false, has-input-connection=false, x=0.0, y=0.0, child-count=2}
09-20 12:59:30.534 15020 15043 E TestRunner: |
09-20 12:59:30.534 15020 15043 E TestRunner: +---->ContentFrameLayout{id=16908290, res-name=content, visibility=VISIBLE, width=1080, height=1909, has-focus=false, has-focusable=true, has-window-focus=true, is-clickable=false, is-enabled=true, is-focused=false, is-focusable=false, is-layout-requested=false, is-selected=false, layout-params=androidx.appcompat.widget.ActionBarOverlayLayout$LayoutParams@6d168ad, tag=null, root-is-layout-requested=false, has-input-connection=false, x=0.0, y=154.0, child-count=1}
09-20 12:59:30.534 15020 15043 E TestRunner: |
09-20 12:59:30.534 15020 15043 E TestRunner: +----->FrameLayout{id=-1, visibility=VISIBLE, width=1080, height=1909, has-focus=false, has-focusable=true, has-window-focus=true, is-clickable=false, is-enabled=true, is-focused=false, is-focusable=false, is-layout-requested=false, is-selected=false, layout-params=android.widget.FrameLayout$LayoutParams@321773, tag=null, root-is-layout-requested=false, has-input-connection=false, x=0.0, y=0.0, child-count=1}
09-20 12:59:30.534 15020 15043 E TestRunner: |
09-20 12:59:30.534 15020 15043 E TestRunner: +------>RecyclerView{id=2131230933, res-name=grid_recycler_view, visibility=VISIBLE, width=1080, height=1909, has-focus=false, has-focusable=true, has-window-focus=true, is-clickable=false, is-enabled=true, is-focused=false, is-focusable=true, is-layout-requested=false, is-selected=false, layout-params=android.widget.FrameLayout$LayoutParams@e6b3630, tag=null, root-is-layout-requested=false, has-input-connection=false, x=0.0, y=0.0, child-count=0}
09-20 12:59:30.534 15020 15043 E TestRunner: |
09-20 12:59:30.534 15020 15043 E TestRunner: +---->ActionBarContainer{id=2131230774, res-name=action_bar_container, visibility=VISIBLE, width=1080, height=154, has-focus=false, has-focusable=false, has-window-focus=true, is-clickable=false, is-enabled=true, is-focused=false, is-focusable=false, is-layout-requested=false, is-selected=false, layout-params=androidx.appcompat.widget.ActionBarOverlayLayout$LayoutParams@a0cb7cf, tag=null, root-is-layout-requested=false, has-input-connection=false, x=0.0, y=0.0, child-count=2}
09-20 12:59:30.534 15020 15043 E TestRunner: |
09-20 12:59:30.534 15020 15043 E TestRunner: +----->Toolbar{id=2131230772, res-name=action_bar, visibility=VISIBLE, width=1080, height=154, has-focus=false, has-focusable=false, has-window-focus=true, is-clickable=false, is-enabled=true, is-focused=false, is-focusable=false, is-layout-requested=false, is-selected=false, layout-params=android.widget.FrameLayout$LayoutParams@14701eb, tag=null, root-is-layout-requested=false, has-input-connection=false, x=0.0, y=0.0, child-count=3}
09-20 12:59:30.534 15020 15043 E TestRunner: |
09-20 12:59:30.534 15020 15043 E TestRunner: +------>AppCompatTextView{id=-1, visibility=VISIBLE, width=219, height=74, has-focus=false, has-focusable=false, has-window-focus=true, is-clickable=false, is-enabled=true, is-focused=false, is-focusable=false, is-layout-requested=false, is-selected=false, layout-params=androidx.appcompat.widget.Toolbar$LayoutParams@4939b48, tag=null, root-is-layout-requested=false, has-input-connection=false, x=198.0, y=40.0, text=Dogglers, input-type=0, ime-target=false, has-links=false}
09-20 12:59:30.534 15020 15043 E TestRunner: |
09-20 12:59:30.534 15020 15043 E TestRunner: +------>AppCompatImageButton{id=-1, desc=Navigate up, visibility=VISIBLE, width=154, height=154, has-focus=false, has-focusable=false, has-window-focus=true, is-clickable=true, is-enabled=true, is-focused=false, is-focusable=true, is-layout-requested=false, is-selected=false, layout-params=androidx.appcompat.widget.Toolbar$LayoutParams@dd93de1, tag=null, root-is-layout-requested=false, has-input-connection=false, x=0.0, y=0.0}
09-20 12:59:30.534 15020 15043 E TestRunner: |
09-20 12:59:30.534 15020 15043 E TestRunner: +------>ActionMenuView{id=-1, visibility=VISIBLE, width=0, height=154, has-focus=false, has-focusable=false, has-window-focus=true, is-clickable=false, is-enabled=true, is-focused=false, is-focusable=false, is-layout-requested=false, is-selected=false, layout-params=androidx.appcompat.widget.Toolbar$LayoutParams@3601706, tag=null, root-is-layout-requested=false, has-input-connection=false, x=1080.0, y=0.0, child-count=0}
09-20 12:59:30.534 15020 15043 E TestRunner: |
09-20 12:59:30.534 15020 15043 E TestRunner: +----->ActionBarContextView{id=2131230780, res-name=action_context_bar, visibility=GONE, width=0, height=0, has-focus=false, has-focusable=false, has-window-focus=true, is-clickable=false, is-enabled=true, is-focused=false, is-focusable=false, is-layout-requested=true, is-selected=false, layout-params=android.widget.FrameLayout$LayoutParams@b91d1c7, tag=null, root-is-layout-requested=false, has-input-connection=false, x=0.0, y=0.0, child-count=0}
09-20 12:59:30.534 15020 15043 E TestRunner: |
09-20 12:59:30.534 15020 15043 E TestRunner: +->View{id=16908336, res-name=navigationBarBackground, visibility=VISIBLE, width=1080, height=132, has-focus=false, has-focusable=false, has-window-focus=true, is-clickable=false, is-enabled=true, is-focused=false, is-focusable=false, is-layout-requested=false, is-selected=false, layout-params=android.widget.FrameLayout$LayoutParams@1eb23f4, tag=null, root-is-layout-requested=false, has-input-connection=false, x=0.0, y=2208.0}
09-20 12:59:30.534 15020 15043 E TestRunner: |
09-20 12:59:30.534 15020 15043 E TestRunner: +->View{id=16908335, res-name=statusBarBackground, visibility=VISIBLE, width=1080, height=145, has-focus=false, has-focusable=false, has-window-focus=true, is-clickable=false, is-enabled=true, is-focused=false, is-focusable=false, is-layout-requested=false, is-selected=false, layout-params=android.widget.FrameLayout$LayoutParams@8cad71d, tag=null, root-is-layout-requested=false, has-input-connection=false, x=0.0, y=0.0}
09-20 12:59:30.534 15020 15043 E TestRunner: 	at dalvik.system.VMStack.getThreadStackTrace(Native Method)
09-20 12:59:30.534 15020 15043 E TestRunner: 	at java.lang.Thread.getStackTrace(Thread.java:1724)
09-20 12:59:30.534 15020 15043 E TestRunner: 	at androidx.test.espresso.base.DefaultFailureHandler.getUserFriendlyError(DefaultFailureHandler.java:12)
09-20 12:59:30.534 15020 15043 E TestRunner: 	at androidx.test.espresso.base.DefaultFailureHandler.handle(DefaultFailureHandler.java:7)
09-20 12:59:30.534 15020 15043 E TestRunner: 	at androidx.test.espresso.ViewInteraction.waitForAndHandleInteractionResults(ViewInteraction.java:8)
09-20 12:59:30.534 15020 15043 E TestRunner: 	at androidx.test.espresso.ViewInteraction.check(ViewInteraction.java:12)
09-20 12:59:30.534 15020 15043 E TestRunner: 	at com.example.dogglers.BaseTest.hasListItemContent(BaseTest.kt:57)
09-20 12:59:30.534 15020 15043 E TestRunner: 	at com.example.dogglers.BaseTest.checkFirstPosition(BaseTest.kt:70)
09-20 12:59:30.534 15020 15043 E TestRunner: 	at com.example.dogglers.GridListTests.grid_list_content_at_first_position(GridListTests.kt:42)
09-20 12:59:30.534 15020 15043 E TestRunner: 	at java.lang.reflect.Method.invoke(Native Method)
09-20 12:59:30.534 15020 15043 E TestRunner: 	at org.junit.runners.model.FrameworkMethod$1.runReflectiveCall(FrameworkMethod.java:50)
09-20 12:59:30.534 15020 15043 E TestRunner: 	at org.junit.internal.runners.model.ReflectiveCallable.run(ReflectiveCallable.java:12)
09-20 12:59:30.534 15020 15043 E TestRunner: 	at org.junit.runners.model.FrameworkMethod.invokeExplosively(FrameworkMethod.java:47)
09-20 12:59:30.534 15020 15043 E TestRunner: 	at org.junit.internal.runners.statements.InvokeMethod.evaluate(InvokeMethod.java:17)
09-20 12:59:30.534 15020 15043 E TestRunner: 	at org.junit.rules.ExternalResource$1.evaluate(ExternalResource.java:48)
09-20 12:59:30.534 15020 15043 E TestRunner: 	at org.junit.rules.RunRules.evaluate(RunRules.java:20)
09-20 12:59:30.534 15020 15043 E TestRunner: 	at org.junit.runners.ParentRunner.runLeaf(ParentRunner.java:325)
09-20 12:59:30.534 15020 15043 E TestRunner: 	at org.junit.runners.BlockJUnit4ClassRunner.runChild(BlockJUnit4ClassRunner.java:78)
09-20 12:59:30.534 15020 15043 E TestRunner: 	at org.junit.runners.BlockJUnit4ClassRunner.runChild(BlockJUnit4ClassRunner.java:57)
09-20 12:59:30.534 15020 15043 E TestRunner: 	at org.junit.runners.ParentRunner$3.run(ParentRunner.java:290)
09-20 12:59:30.534 15020 15043 E TestRunner: 	at org.junit.runners.ParentRunner$1.schedule(ParentRunner.java:71)
09-20 12:59:30.534 15020 15043 E TestRunner: 	at org.junit.runners.ParentRunner.runChildren(ParentRunner.java:288)
09-20 12:59:30.534 15020 15043 E TestRunner: 	at org.junit.runners.ParentRunner.access$000(ParentRunner.java:58)
09-20 12:59:30.534 15020 15043 E TestRunner: 	at org.junit.runners.ParentRunner$2.evaluate(ParentRunner.java:268)
09-20 12:59:30.534 15020 15043 E TestRunner: 	at org.junit.runners.ParentRunner.run(ParentRunner.java:363)
09-20 12:59:30.534 15020 15043 E TestRunner: 	at androidx.test.ext.junit.runners.AndroidJUnit4.run(AndroidJUnit4.java:162)
09-20 12:59:30.534 15020 15043 E TestRunner: 	at org.junit.runners.Suite.runChild(Suite.java:128)
09-20 12:59:30.534 15020 15043 E TestRunner: 	at org.junit.runners.Suite.runChild(Suite.java:27)
09-20 12:59:30.534 15020 15043 E TestRunner: 	at org.junit.runners.ParentRunner$3.run(ParentRunner.java:290)
09-20 12:59:30.534 15020 15043 E TestRunner: 	at org.junit.runners.ParentRunner$1.schedule(ParentRunner.java:71)
09-20 12:59:30.534 15020 15043 E TestRunner: 	at org.junit.runners.ParentRunner.runChildren(ParentRunner.java:288)
09-20 12:59:30.534 15020 15043 E TestRunner: 	at org.junit.runners.ParentRunner.access$000(ParentRunner.java:58)
09-20 12:59:30.534 15020 15043 E TestRunner: 	at org.junit.runners.ParentRunner$2.evaluate(ParentRunner.java:268)
09-20 12:59:30.534 15020 15043 E TestRunner: 	at org.junit.runners.ParentRunner.run(ParentRunner.java:363)
09-20 12:59:30.534 15020 15043 E TestRunner: 	at org.junit.runner.JUnitCore.run(JUnitCore.java:137)
09-20 12:59:30.534 15020 15043 E TestRunner: 	at org.junit.runner.JUnitCore.run(JUnitCore.java:115)
09-20 12:59:30.534 15020 15043 E TestRunner: 	at androidx.test.internal.runner.TestExecutor.execute(TestExecutor.java:56)
09-20 12:59:30.534 15020 15043 E TestRunner: 	at androidx.test.runner.AndroidJUnitRunner.onStart(AndroidJUnitRunner.java:444)
09-20 12:59:30.534 15020 15043 E TestRunner: 	at android.app.Instrumentation$InstrumentationThread.run(Instrumentation.java:2248)
09-20 12:59:30.534 15020 15043 E TestRunner: ----- end exception -----
09-20 12:59:30.538 15020 15043 I TestRunner: finished: grid_list_content_at_first_position(com.example.dogglers.GridListTests)
