09-20 12:59:41.292 15020 15043 I TestRunner: started: vertical_scrolling(com.example.dogglers.VerticalListTests)
09-20 12:59:41.310 15020 15043 W Settings: Setting always_finish_activities has moved from android.provider.Settings.System to android.provider.Settings.Global, returning read-only value.
09-20 12:59:41.336   957  1045 D SplashScreenView: Build android.window.SplashScreenView{4c736f2 V.E...... ......ID 0,0-0,0}
09-20 12:59:41.336   957  1045 D SplashScreenView: Icon: view: null drawable: null size: 0
09-20 12:59:41.336   957  1045 D SplashScreenView: Branding: view: android.view.View{cbc5143 G.ED..... ......I. 0,0-0,0 #10204a6 android:id/splashscreen_branding_view} drawable: null size w: 0 h: 0
09-20 12:59:41.367 15020 15020 D LifecycleMonitor: Lifecycle status change: androidx.test.core.app.InstrumentationActivityInvoker$BootstrapActivity@e78cc88 in: PRE_ON_CREATE
09-20 12:59:41.367 15020 15020 V ActivityScenario: Activity lifecycle changed event received but ignored because the intent does not match. startActivityIntent=Intent { act=android.intent.action.MAIN cat=[android.intent.category.LAUNCHER] cmp=com.example.dogglers/.VerticalListActivity }, activity.getIntent()=Intent { act=android.intent.action.MAIN cat=[android.intent.category.LAUNCHER] flg=0x10008000 cmp=com.example.dogglers/androidx.test.core.app.InstrumentationActivityInvoker$BootstrapActivity (has extras) }, activity=androidx.test.core.app.InstrumentationActivityInvoker$BootstrapActivity@e78cc88
09-20 12:59:41.377 15020 15020 D LifecycleMonitor: Lifecycle status change: androidx.test.core.app.InstrumentationActivityInvoker$BootstrapActivity@e78cc88 in: CREATED
09-20 12:59:41.378 15020 15020 V ActivityScenario: Activity lifecycle changed event received but ignored because the intent does not match. startActivityIntent=Intent { act=android.intent.action.MAIN cat=[android.intent.category.LAUNCHER] cmp=com.example.dogglers/.VerticalListActivity }, activity.getIntent()=Intent { act=android.intent.action.MAIN cat=[android.intent.category.LAUNCHER] flg=0x10008000 cmp=com.example.dogglers/androidx.test.core.app.InstrumentationActivityInvoker$BootstrapActivity (has extras) }, activity=androidx.test.core.app.InstrumentationActivityInvoker$BootstrapActivity@e78cc88
09-20 12:59:41.379   341   440 D goldfish-address-space: claimShared: Ask to claim region [0x3f0000000 0x3f09a4000]
09-20 12:59:41.380 15020 15020 D LifecycleMonitor: Lifecycle status change: androidx.test.core.app.InstrumentationActivityInvoker$BootstrapActivity@e78cc88 in: STARTED
09-20 12:59:41.381 15020 15020 V ActivityScenario: Activity lifecycle changed event received but ignored because the intent does not match. startActivityIntent=Intent { act=android.intent.action.MAIN cat=[android.intent.category.LAUNCHER] cmp=com.example.dogglers/.VerticalListActivity }, activity.getIntent()=Intent { act=android.intent.action.MAIN cat=[android.intent.category.LAUNCHER] flg=0x10008000 cmp=com.example.dogglers/androidx.test.core.app.InstrumentationActivityInvoker$BootstrapActivity (has extras) }, activity=androidx.test.core.app.InstrumentationActivityInvoker$BootstrapActivity@e78cc88
09-20 12:59:41.388   341   440 D goldfish-address-space: claimShared: Ask to claim region [0x3f4000000 0x3f49a4000]
09-20 12:59:41.396   341   440 D goldfish-address-space: claimShared: Ask to claim region [0x3f6b3b000 0x3f74df000]
09-20 12:59:41.402 15020 15020 D LifecycleMonitor: Lifecycle status change: androidx.test.core.app.InstrumentationActivityInvoker$BootstrapActivity@e78cc88 in: RESUMED
09-20 12:59:41.402 15020 15020 V ActivityScenario: Activity lifecycle changed event received but ignored because the intent does not match. startActivityIntent=Intent { act=android.intent.action.MAIN cat=[android.intent.category.LAUNCHER] cmp=com.example.dogglers/.VerticalListActivity }, activity.getIntent()=Intent { act=android.intent.action.MAIN cat=[android.intent.category.LAUNCHER] flg=0x10008000 cmp=com.example.dogglers/androidx.test.core.app.InstrumentationActivityInvoker$BootstrapActivity (has extras) }, activity=androidx.test.core.app.InstrumentationActivityInvoker$BootstrapActivity@e78cc88
09-20 12:59:41.430  2644  2644 I A       : onApplyWindowInsets: systemWindowInsets=Insets{left=0, top=145, right=0, bottom=132}
09-20 12:59:41.433  2644  2644 I A       : onApplyWindowInsets: Adjusting for display cutouts. Safe insets: left=0, top=136, right=0, bottom=0
09-20 12:59:41.433  2644  2644 I A       : onApplyWindowInsets: systemWindowInsets=Insets{left=0, top=145, right=0, bottom=132}
09-20 12:59:41.451 15020 15020 D LifecycleMonitor: Lifecycle status change: androidx.test.core.app.InstrumentationActivityInvoker$BootstrapActivity@e78cc88 in: PAUSED
09-20 12:59:41.451 15020 15020 V ActivityScenario: Activity lifecycle changed event received but ignored because the intent does not match. startActivityIntent=Intent { act=android.intent.action.MAIN cat=[android.intent.category.LAUNCHER] cmp=com.example.dogglers/.VerticalListActivity }, activity.getIntent()=Intent { act=android.intent.action.MAIN cat=[android.intent.category.LAUNCHER] flg=0x10008000 cmp=com.example.dogglers/androidx.test.core.app.InstrumentationActivityInvoker$BootstrapActivity (has extras) }, activity=androidx.test.core.app.InstrumentationActivityInvoker$BootstrapActivity@e78cc88
09-20 12:59:41.539 15020 15020 D LifecycleMonitor: Lifecycle status change: com.example.dogglers.VerticalListActivity@1248f51 in: PRE_ON_CREATE
09-20 12:59:41.544 15020 15020 V ActivityScenario: Activity lifecycle changed event received but ignored because the reported transition was not ON_CREATE while the last known transition was PRE_ON_CREATE
09-20 12:59:41.588  2858  2858 I GsaVoiceInteractionSrv: Handling ACTION_STOP_HOTWORD
09-20 12:59:41.588  2858  2858 E HwDetectorWithState: a: 3
09-20 12:59:41.611   957  1047 D EGL_emulation: app_time_stats: avg=32.37ms min=2.72ms max=184.22ms count=22
09-20 12:59:41.620 15020 15020 D LifecycleMonitor: Lifecycle status change: com.example.dogglers.VerticalListActivity@1248f51 in: CREATED
09-20 12:59:41.620 15020 15020 V ActivityScenario: Update currentActivityStage to CREATED, currentActivity=com.example.dogglers.VerticalListActivity@1248f51
09-20 12:59:41.624 15020 15020 D LifecycleMonitor: Lifecycle status change: com.example.dogglers.VerticalListActivity@1248f51 in: STARTED
09-20 12:59:41.625 15020 15020 V ActivityScenario: Update currentActivityStage to STARTED, currentActivity=com.example.dogglers.VerticalListActivity@1248f51
09-20 12:59:41.626 15020 15020 D LifecycleMonitor: Lifecycle status change: com.example.dogglers.VerticalListActivity@1248f51 in: RESUMED
09-20 12:59:41.627 15020 15020 V ActivityScenario: Update currentActivityStage to RESUMED, currentActivity=com.example.dogglers.VerticalListActivity@1248f51
09-20 12:59:41.670   341   440 D goldfish-address-space: claimShared: Ask to claim region [0x3f15fc000 0x3f1fa0000]
09-20 12:59:41.692   341   440 D goldfish-address-space: claimShared: Ask to claim region [0x3f49a4000 0x3f5348000]
09-20 12:59:41.695   341   440 D goldfish-address-space: claimShared: Ask to claim region [0x3f74df000 0x3f7e83000]
09-20 12:59:41.768 15020 15020 D RootViewPicker: Root not ready - waiting: 10ms for one to appear.
09-20 12:59:41.797  2835  2835 I GoogleInputMethodService: GoogleInputMethodService.onFinishInput():3420
09-20 12:59:41.798  2835  2835 I GoogleInputMethodService: GoogleInputMethodService.onStartInput():2002
09-20 12:59:41.801  2835  2835 I DeviceUnlockedTag: DeviceUnlockedTag.notifyDeviceLockStatusChanged():31 Notify device unlocked.
09-20 12:59:41.955 15020 15020 I ViewInteraction: Performing 'fast swipe' action on view view.getId() is <2131231202/com.example.dogglers:id/vertical_recycler_view>
09-20 12:59:41.976 15020 15020 D LifecycleMonitor: Lifecycle status change: androidx.test.core.app.InstrumentationActivityInvoker$BootstrapActivity@e78cc88 in: STOPPED
09-20 12:59:41.976 15020 15020 V ActivityScenario: Activity lifecycle changed event received but ignored because the intent does not match. startActivityIntent=Intent { act=android.intent.action.MAIN cat=[android.intent.category.LAUNCHER] cmp=com.example.dogglers/.VerticalListActivity }, activity.getIntent()=Intent { act=android.intent.action.MAIN cat=[android.intent.category.LAUNCHER] flg=0x10008000 cmp=com.example.dogglers/androidx.test.core.app.InstrumentationActivityInvoker$BootstrapActivity (has extras) }, activity=androidx.test.core.app.InstrumentationActivityInvoker$BootstrapActivity@e78cc88
09-20 12:59:42.100   565  1040 W InputManager-JNI: Input channel object '1987a98 Splash Screen com.example.dogglers (client)' was disposed without first being removed with the input manager!
09-20 12:59:42.120   933   933 I wpa_supplicant: wlan0: CTRL-EVENT-BEACON-LOSS
09-20 12:59:42.480 15020 15020 I ViewInteraction: Checking 'MatchesViewAssertion{viewMatcher=(view has effective visibility <VISIBLE> and view.getGlobalVisibleRect() to return non-empty rectangle)}' assertion on view an instance of android.widget.TextView and view.getText() with or without transformation to match: is "Faye"
09-20 12:59:42.480 15020 15020 E ViewAssertions: '(view has effective visibility <VISIBLE> and view.getGlobalVisibleRect() to return non-empty rectangle)' check could not be performed because view 'an instance of android.widget.TextView and view.getText() with or without transformation to match: is "Faye"' was not found.
09-20 12:59:42.582 15020 15020 D LifecycleMonitor: Lifecycle status change: com.example.dogglers.VerticalListActivity@1248f51 in: PAUSED
09-20 12:59:42.582 15020 15020 V ActivityScenario: Update currentActivityStage to PAUSED, currentActivity=com.example.dogglers.VerticalListActivity@1248f51
09-20 12:59:42.638 15020 15020 D LifecycleMonitor: Lifecycle status change: androidx.test.core.app.InstrumentationActivityInvoker$EmptyActivity@1a668e4 in: PRE_ON_CREATE
09-20 12:59:42.639   957  1047 D EGL_emulation: app_time_stats: avg=9.52ms min=2.05ms max=29.45ms count=34
09-20 12:59:42.643 15020 15020 V ActivityScenario: Activity lifecycle changed event received but ignored because the intent does not match. startActivityIntent=Intent { act=android.intent.action.MAIN cat=[android.intent.category.LAUNCHER] cmp=com.example.dogglers/.VerticalListActivity }, activity.getIntent()=Intent { act=android.intent.action.MAIN cat=[android.intent.category.LAUNCHER] flg=0x10000000 cmp=com.example.dogglers/androidx.test.core.app.InstrumentationActivityInvoker$EmptyActivity }, activity=androidx.test.core.app.InstrumentationActivityInvoker$EmptyActivity@1a668e4
09-20 12:59:42.664 15020 15020 D LifecycleMonitor: Lifecycle status change: androidx.test.core.app.InstrumentationActivityInvoker$EmptyActivity@1a668e4 in: CREATED
09-20 12:59:42.665 15020 15020 V ActivityScenario: Activity lifecycle changed event received but ignored because the intent does not match. startActivityIntent=Intent { act=android.intent.action.MAIN cat=[android.intent.category.LAUNCHER] cmp=com.example.dogglers/.VerticalListActivity }, activity.getIntent()=Intent { act=android.intent.action.MAIN cat=[android.intent.category.LAUNCHER] flg=0x10000000 cmp=com.example.dogglers/androidx.test.core.app.InstrumentationActivityInvoker$EmptyActivity }, activity=androidx.test.core.app.InstrumentationActivityInvoker$EmptyActivity@1a668e4
09-20 12:59:42.667 15020 15020 D LifecycleMonitor: Lifecycle status change: androidx.test.core.app.InstrumentationActivityInvoker$EmptyActivity@1a668e4 in: STARTED
09-20 12:59:42.667 15020 15020 V ActivityScenario: Activity lifecycle changed event received but ignored because the intent does not match. startActivityIntent=Intent { act=android.intent.action.MAIN cat=[android.intent.category.LAUNCHER] cmp=com.example.dogglers/.VerticalListActivity }, activity.getIntent()=Intent { act=android.intent.action.MAIN cat=[android.intent.category.LAUNCHER] flg=0x10000000 cmp=com.example.dogglers/androidx.test.core.app.InstrumentationActivityInvoker$EmptyActivity }, activity=androidx.test.core.app.InstrumentationActivityInvoker$EmptyActivity@1a668e4
09-20 12:59:42.682 15020 15020 D LifecycleMonitor: Lifecycle status change: androidx.test.core.app.InstrumentationActivityInvoker$EmptyActivity@1a668e4 in: RESUMED
09-20 12:59:42.682 15020 15020 V ActivityScenario: Activity lifecycle changed event received but ignored because the intent does not match. startActivityIntent=Intent { act=android.intent.action.MAIN cat=[android.intent.category.LAUNCHER] cmp=com.example.dogglers/.VerticalListActivity }, activity.getIntent()=Intent { act=android.intent.action.MAIN cat=[android.intent.category.LAUNCHER] flg=0x10000000 cmp=com.example.dogglers/androidx.test.core.app.InstrumentationActivityInvoker$EmptyActivity }, activity=androidx.test.core.app.InstrumentationActivityInvoker$EmptyActivity@1a668e4
09-20 12:59:42.756   341   440 D goldfish-address-space: claimShared: Ask to claim region [0x3f0000000 0x3f09a4000]
09-20 12:59:42.765   341   440 D goldfish-address-space: claimShared: Ask to claim region [0x3f4000000 0x3f49a4000]
09-20 12:59:42.773   341   440 D goldfish-address-space: claimShared: Ask to claim region [0x3f6b3b000 0x3f74df000]
09-20 12:59:42.830   565   612 I ActivityTaskManager: Displayed com.example.dogglers/androidx.test.core.app.InstrumentationActivityInvoker$EmptyActivity: +1s504ms
09-20 12:59:42.834 15020 15045 D EGL_emulation: app_time_stats: avg=16.29ms min=2.65ms max=135.91ms count=30
09-20 12:59:42.865 15020 15020 D LifecycleMonitor: Lifecycle status change: com.example.dogglers.VerticalListActivity@1248f51 in: STOPPED
09-20 12:59:42.865 15020 15020 V ActivityScenario: Update currentActivityStage to STOPPED, currentActivity=com.example.dogglers.VerticalListActivity@1248f51
09-20 12:59:42.868 15020 15020 D LifecycleMonitor: Lifecycle status change: com.example.dogglers.VerticalListActivity@1248f51 in: DESTROYED
09-20 12:59:42.869 15020 15020 V ActivityScenario: Update currentActivityStage to DESTROYED, currentActivity=null
09-20 12:59:42.872   565  2684 W InputManager-JNI: Input channel object '906e45b com.example.dogglers/com.example.dogglers.VerticalListActivity (client)' was disposed without first being removed with the input manager!
09-20 12:59:42.891 15020 15020 D LifecycleMonitor: Lifecycle status change: androidx.test.core.app.InstrumentationActivityInvoker$EmptyActivity@1a668e4 in: PAUSED
09-20 12:59:42.893 15020 15020 V ActivityScenario: Activity lifecycle changed event received but ignored because the intent does not match. startActivityIntent=Intent { act=android.intent.action.MAIN cat=[android.intent.category.LAUNCHER] cmp=com.example.dogglers/.VerticalListActivity }, activity.getIntent()=Intent { act=android.intent.action.MAIN cat=[android.intent.category.LAUNCHER] flg=0x10000000 cmp=com.example.dogglers/androidx.test.core.app.InstrumentationActivityInvoker$EmptyActivity }, activity=androidx.test.core.app.InstrumentationActivityInvoker$EmptyActivity@1a668e4
09-20 12:59:42.913 15020 15020 D LifecycleMonitor: Lifecycle status change: androidx.test.core.app.InstrumentationActivityInvoker$BootstrapActivity@e78cc88 in: DESTROYED
09-20 12:59:42.913 15020 15020 V ActivityScenario: Activity lifecycle changed event received but ignored because the intent does not match. startActivityIntent=Intent { act=android.intent.action.MAIN cat=[android.intent.category.LAUNCHER] cmp=com.example.dogglers/.VerticalListActivity }, activity.getIntent()=Intent { act=android.intent.action.MAIN cat=[android.intent.category.LAUNCHER] flg=0x10008000 cmp=com.example.dogglers/androidx.test.core.app.InstrumentationActivityInvoker$BootstrapActivity (has extras) }, activity=androidx.test.core.app.InstrumentationActivityInvoker$BootstrapActivity@e78cc88
09-20 12:59:42.920 15020 15020 D LifecycleMonitor: Lifecycle status change: androidx.test.core.app.InstrumentationActivityInvoker$EmptyActivity@25c515a in: PRE_ON_CREATE
09-20 12:59:42.921 15020 15020 V ActivityScenario: Activity lifecycle changed event received but ignored because the intent does not match. startActivityIntent=Intent { act=android.intent.action.MAIN cat=[android.intent.category.LAUNCHER] cmp=com.example.dogglers/.VerticalListActivity }, activity.getIntent()=Intent { act=android.intent.action.MAIN cat=[android.intent.category.LAUNCHER] flg=0x10000000 cmp=com.example.dogglers/androidx.test.core.app.InstrumentationActivityInvoker$EmptyActivity }, activity=androidx.test.core.app.InstrumentationActivityInvoker$EmptyActivity@25c515a
09-20 12:59:42.937 15020 15020 D LifecycleMonitor: Lifecycle status change: androidx.test.core.app.InstrumentationActivityInvoker$EmptyActivity@25c515a in: CREATED
09-20 12:59:42.938 15020 15020 V ActivityScenario: Activity lifecycle changed event received but ignored because the intent does not match. startActivityIntent=Intent { act=android.intent.action.MAIN cat=[android.intent.category.LAUNCHER] cmp=com.example.dogglers/.VerticalListActivity }, activity.getIntent()=Intent { act=android.intent.action.MAIN cat=[android.intent.category.LAUNCHER] flg=0x10000000 cmp=com.example.dogglers/androidx.test.core.app.InstrumentationActivityInvoker$EmptyActivity }, activity=androidx.test.core.app.InstrumentationActivityInvoker$EmptyActivity@25c515a
09-20 12:59:42.948 15020 15020 D LifecycleMonitor: Lifecycle status change: androidx.test.core.app.InstrumentationActivityInvoker$EmptyActivity@25c515a in: STARTED
09-20 12:59:42.949 15020 15020 V ActivityScenario: Activity lifecycle changed event received but ignored because the intent does not match. startActivityIntent=Intent { act=android.intent.action.MAIN cat=[android.intent.category.LAUNCHER] cmp=com.example.dogglers/.VerticalListActivity }, activity.getIntent()=Intent { act=android.intent.action.MAIN cat=[android.intent.category.LAUNCHER] flg=0x10000000 cmp=com.example.dogglers/androidx.test.core.app.InstrumentationActivityInvoker$EmptyActivity }, activity=androidx.test.core.app.InstrumentationActivityInvoker$EmptyActivity@25c515a
09-20 12:59:42.952 15020 15020 D LifecycleMonitor: Lifecycle status change: androidx.test.core.app.InstrumentationActivityInvoker$EmptyActivity@25c515a in: RESUMED
09-20 12:59:42.952 15020 15020 V ActivityScenario: Activity lifecycle changed event received but ignored because the intent does not match. startActivityIntent=Intent { act=android.intent.action.MAIN cat=[android.intent.category.LAUNCHER] cmp=com.example.dogglers/.VerticalListActivity }, activity.getIntent()=Intent { act=android.intent.action.MAIN cat=[android.intent.category.LAUNCHER] flg=0x10000000 cmp=com.example.dogglers/androidx.test.core.app.InstrumentationActivityInvoker$EmptyActivity }, activity=androidx.test.core.app.InstrumentationActivityInvoker$EmptyActivity@25c515a
09-20 12:59:42.983   341   440 D goldfish-address-space: claimShared: Ask to claim region [0x3f15fc000 0x3f1fa0000]
09-20 12:59:42.988   341   440 D goldfish-address-space: claimShared: Ask to claim region [0x3f49a4000 0x3f5348000]
09-20 12:59:43.006   341   440 D goldfish-address-space: claimShared: Ask to claim region [0x3f74df000 0x3f7e83000]
09-20 12:59:43.010   565   612 I ActivityTaskManager: Displayed com.example.dogglers/androidx.test.core.app.InstrumentationActivityInvoker$EmptyActivity: +161ms
09-20 12:59:43.037 15020 15020 D LifecycleMonitor: Lifecycle status change: androidx.test.core.app.InstrumentationActivityInvoker$EmptyActivity@1a668e4 in: STOPPED
09-20 12:59:43.038 15020 15020 V ActivityScenario: Activity lifecycle changed event received but ignored because the intent does not match. startActivityIntent=Intent { act=android.intent.action.MAIN cat=[android.intent.category.LAUNCHER] cmp=com.example.dogglers/.VerticalListActivity }, activity.getIntent()=Intent { act=android.intent.action.MAIN cat=[android.intent.category.LAUNCHER] flg=0x10000000 cmp=com.example.dogglers/androidx.test.core.app.InstrumentationActivityInvoker$EmptyActivity }, activity=androidx.test.core.app.InstrumentationActivityInvoker$EmptyActivity@1a668e4
09-20 12:59:43.045   341   440 D goldfish-address-space: claimShared: Ask to claim region [0x3f1fa0000 0x3f25cc000]
09-20 12:59:43.106 15020 15020 D LifecycleMonitor: Lifecycle status change: androidx.test.core.app.InstrumentationActivityInvoker$EmptyActivity@1a668e4 in: DESTROYED
09-20 12:59:43.107 15020 15020 V ActivityScenario: Activity lifecycle changed event received but ignored because the intent does not match. startActivityIntent=Intent { act=android.intent.action.MAIN cat=[android.intent.category.LAUNCHER] cmp=com.example.dogglers/.VerticalListActivity }, activity.getIntent()=Intent { act=android.intent.action.MAIN cat=[android.intent.category.LAUNCHER] flg=0x10000000 cmp=com.example.dogglers/androidx.test.core.app.InstrumentationActivityInvoker$EmptyActivity }, activity=androidx.test.core.app.InstrumentationActivityInvoker$EmptyActivity@1a668e4
09-20 12:59:43.123   565  2684 W InputManager-JNI: Input channel object 'b7138b1 com.example.dogglers/androidx.test.core.app.InstrumentationActivityInvoker$EmptyActivity (client)' was disposed without first being removed with the input manager!
09-20 12:59:43.138 15020 15020 D LifecycleMonitor: Lifecycle status change: androidx.test.core.app.InstrumentationActivityInvoker$EmptyActivity@25c515a in: PAUSED
09-20 12:59:43.139 15020 15020 V ActivityScenario: Activity lifecycle changed event received but ignored because the intent does not match. startActivityIntent=Intent { act=android.intent.action.MAIN cat=[android.intent.category.LAUNCHER] cmp=com.example.dogglers/.VerticalListActivity }, activity.getIntent()=Intent { act=android.intent.action.MAIN cat=[android.intent.category.LAUNCHER] flg=0x10000000 cmp=com.example.dogglers/androidx.test.core.app.InstrumentationActivityInvoker$EmptyActivity }, activity=androidx.test.core.app.InstrumentationActivityInvoker$EmptyActivity@25c515a
09-20 12:59:43.164 15020 15043 E TestRunner: failed: vertical_scrolling(com.example.dogglers.VerticalListTests)
09-20 12:59:43.164 15020 15043 E TestRunner: ----- begin exception -----
09-20 12:59:43.168  2644  2644 I A       : onApplyWindowInsets: systemWindowInsets=Insets{left=0, top=145, right=0, bottom=132}
09-20 12:59:43.168  2644  2644 I A       : onApplyWindowInsets: Adjusting for display cutouts. Safe insets: left=0, top=136, right=0, bottom=0
09-20 12:59:43.168  2644  2644 I A       : onApplyWindowInsets: systemWindowInsets=Insets{left=0, top=145, right=0, bottom=132}
09-20 12:59:43.169   341   440 D goldfish-address-space: claimShared: Ask to claim region [0x3f2bf8000 0x3f359c000]
09-20 12:59:43.183   341   440 D goldfish-address-space: claimShared: Ask to claim region [0x3f0000000 0x3f09a4000]
09-20 12:59:43.187   341   440 D goldfish-address-space: claimShared: Ask to claim region [0x3f4000000 0x3f49a4000]
09-20 12:59:43.190 15020 15043 E TestRunner: androidx.test.espresso.NoMatchingViewException: No views in hierarchy found matching: an instance of android.widget.TextView and view.getText() with or without transformation to match: is "Faye"
09-20 12:59:43.190 15020 15043 E TestRunner:
09-20 12:59:43.190 15020 15043 E TestRunner: View Hierarchy:
09-20 12:59:43.190 15020 15043 E TestRunner: +>DecorView{id=-1, visibility=VISIBLE, width=1080, height=2340, has-focus=false, has-focusable=true, has-window-focus=true, is-clickable=false, is-enabled=true, is-focused=false, is-focusable=false, is-layout-requested=false, is-selected=false, layout-params={(0,0)(fillxfill) ty=BASE_APPLICATION wanim=0x10302fe
09-20 12:59:43.190 15020 15043 E TestRunner:   fl=LAYOUT_IN_SCREEN LAYOUT_INSET_DECOR SPLIT_TOUCH HARDWARE_ACCELERATED DRAWS_SYSTEM_BAR_BACKGROUNDS
09-20 12:59:43.190 15020 15043 E TestRunner:   pfl=NO_MOVE_ANIMATION FORCE_DRAW_STATUS_BAR_BACKGROUND FIT_INSETS_CONTROLLED
09-20 12:59:43.190 15020 15043 E TestRunner:   bhv=DEFAULT
09-20 12:59:43.190 15020 15043 E TestRunner:   fitSides=}, tag=null, root-is-layout-requested=false, has-input-connection=false, x=0.0, y=0.0, child-count=3}
09-20 12:59:43.190 15020 15043 E TestRunner: |
09-20 12:59:43.190 15020 15043 E TestRunner: +->LinearLayout{id=-1, visibility=VISIBLE, width=1080, height=2208, has-focus=false, has-focusable=true, has-window-focus=true, is-clickable=false, is-enabled=true, is-focused=false, is-focusable=false, is-layout-requested=false, is-selected=false, layout-params=android.widget.FrameLayout$LayoutParams@653ad33, tag=null, root-is-layout-requested=false, has-input-connection=false, x=0.0, y=0.0, child-count=2}
09-20 12:59:43.190 15020 15043 E TestRunner: |
09-20 12:59:43.190 15020 15043 E TestRunner: +-->ViewStub{id=16908720, res-name=action_mode_bar_stub, visibility=GONE, width=0, height=0, has-focus=false, has-focusable=false, has-window-focus=true, is-clickable=false, is-enabled=true, is-focused=false, is-focusable=false, is-layout-requested=true, is-selected=false, layout-params=android.widget.LinearLayout$LayoutParams@8d878f0, tag=null, root-is-layout-requested=false, has-input-connection=false, x=0.0, y=0.0}
09-20 12:59:43.190 15020 15043 E TestRunner: |
09-20 12:59:43.190 15020 15043 E TestRunner: +-->FrameLayout{id=-1, visibility=VISIBLE, width=1080, height=2063, has-focus=false, has-focusable=true, has-window-focus=true, is-clickable=false, is-enabled=true, is-focused=false, is-focusable=false, is-layout-requested=false, is-selected=false, layout-params=android.widget.LinearLayout$LayoutParams@54610ee, tag=null, root-is-layout-requested=false, has-input-connection=false, x=0.0, y=145.0, child-count=1}
09-20 12:59:43.190 15020 15043 E TestRunner: |
09-20 12:59:43.190 15020 15043 E TestRunner: +--->ActionBarOverlayLayout{id=2131230866, res-name=decor_content_parent, visibility=VISIBLE, width=1080, height=2063, has-focus=false, has-focusable=true, has-window-focus=true, is-clickable=false, is-enabled=true, is-focused=false, is-focusable=false, is-layout-requested=false, is-selected=false, layout-params=android.widget.FrameLayout$LayoutParams@a32e825, tag=null, root-is-layout-requested=false, has-input-connection=false, x=0.0, y=0.0, child-count=2}
09-20 12:59:43.190 15020 15043 E TestRunner: |
09-20 12:59:43.190 15020 15043 E TestRunner: +---->ContentFrameLayout{id=16908290, res-name=content, visibility=VISIBLE, width=1080, height=1909, has-focus=false, has-focusable=true, has-window-focus=true, is-clickable=false, is-enabled=true, is-focused=false, is-focusable=false, is-layout-requested=false, is-selected=false, layout-params=androidx.appcompat.widget.ActionBarOverlayLayout$LayoutParams@3cd8fab, tag=null, root-is-layout-requested=false, has-input-connection=false, x=0.0, y=154.0, child-count=1}
09-20 12:59:43.190 15020 15043 E TestRunner: |
09-20 12:59:43.190 15020 15043 E TestRunner: +----->FrameLayout{id=-1, visibility=VISIBLE, width=1080, height=1909, has-focus=false, has-focusable=true, has-window-focus=true, is-clickable=false, is-enabled=true, is-focused=false, is-focusable=false, is-layout-requested=false, is-selected=false, layout-params=android.widget.FrameLayout$LayoutParams@bcee1a1, tag=null, root-is-layout-requested=false, has-input-connection=false, x=0.0, y=0.0, child-count=1}
09-20 12:59:43.190 15020 15043 E TestRunner: |
09-20 12:59:43.190 15020 15043 E TestRunner: +------>RecyclerView{id=2131231202, res-name=vertical_recycler_view, visibility=VISIBLE, width=1080, height=1909, has-focus=false, has-focusable=true, has-window-focus=true, is-clickable=false, is-enabled=true, is-focused=false, is-focusable=true, is-layout-requested=false, is-selected=false, layout-params=android.widget.FrameLayout$LayoutParams@35b4fc6, tag=null, root-is-layout-requested=false, has-input-connection=false, x=0.0, y=0.0, child-count=0}
09-20 12:59:43.190 15020 15043 E TestRunner: |
09-20 12:59:43.190 15020 15043 E TestRunner: +---->ActionBarContainer{id=2131230774, res-name=action_bar_container, visibility=VISIBLE, width=1080, height=154, has-focus=false, has-focusable=false, has-window-focus=true, is-clickable=false, is-enabled=true, is-focused=false, is-focusable=false, is-layout-requested=false, is-selected=false, layout-params=androidx.appcompat.widget.ActionBarOverlayLayout$LayoutParams@8d6f6dd, tag=null, root-is-layout-requested=false, has-input-connection=false, x=0.0, y=0.0, child-count=2}
09-20 12:59:43.190 15020 15043 E TestRunner: |
09-20 12:59:43.190 15020 15043 E TestRunner: +----->Toolbar{id=2131230772, res-name=action_bar, visibility=VISIBLE, width=1080, height=154, has-focus=false, has-focusable=false, has-window-focus=true, is-clickable=false, is-enabled=true, is-focused=false, is-focusable=false, is-layout-requested=false, is-selected=false, layout-params=android.widget.FrameLayout$LayoutParams@5123d9, tag=null, root-is-layout-requested=false, has-input-connection=false, x=0.0, y=0.0, child-count=3}
09-20 12:59:43.190 15020 15043 E TestRunner: |
09-20 12:59:43.190 15020 15043 E TestRunner: +------>AppCompatTextView{id=-1, visibility=VISIBLE, width=219, height=74, has-focus=false, has-focusable=false, has-window-focus=true, is-clickable=false, is-enabled=true, is-focused=false, is-focusable=false, is-layout-requested=false, is-selected=false, layout-params=androidx.appcompat.widget.Toolbar$LayoutParams@e4e919e, tag=null, root-is-layout-requested=false, has-input-connection=false, x=198.0, y=40.0, text=Dogglers, input-type=0, ime-target=false, has-links=false}
09-20 12:59:43.190 15020 15043 E TestRunner: |
09-20 12:59:43.190 15020 15043 E TestRunner: +------>AppCompatImageButton{id=-1, desc=Navigate up, visibility=VISIBLE, width=154, height=154, has-focus=false, has-focusable=false, has-window-focus=true, is-clickable=true, is-enabled=true, is-focused=false, is-focusable=true, is-layout-requested=false, is-selected=false, layout-params=androidx.appcompat.widget.Toolbar$LayoutParams@606547f, tag=null, root-is-layout-requested=false, has-input-connection=false, x=0.0, y=0.0}
09-20 12:59:43.190 15020 15043 E TestRunner: |
09-20 12:59:43.190 15020 15043 E TestRunner: +------>ActionMenuView{id=-1, visibility=VISIBLE, width=0, height=154, has-focus=false, has-focusable=false, has-window-focus=true, is-clickable=false, is-enabled=true, is-focused=false, is-focusable=false, is-layout-requested=false, is-selected=false, layout-params=androidx.appcompat.widget.Toolbar$LayoutParams@7aadc4c, tag=null, root-is-layout-requested=false, has-input-connection=false, x=1080.0, y=0.0, child-count=0}
09-20 12:59:43.190 15020 15043 E TestRunner: |
09-20 12:59:43.190 15020 15043 E TestRunner: +----->ActionBarContextView{id=2131230780, res-name=action_context_bar, visibility=GONE, width=0, height=0, has-focus=false, has-focusable=false, has-window-focus=true, is-clickable=false, is-enabled=true, is-focused=false, is-focusable=false, is-layout-requested=true, is-selected=false, layout-params=android.widget.FrameLayout$LayoutParams@1a72495, tag=null, root-is-layout-requested=false, has-input-connection=false, x=0.0, y=0.0, child-count=0}
09-20 12:59:43.190 15020 15043 E TestRunner: |
09-20 12:59:43.190 15020 15043 E TestRunner: +->View{id=16908336, res-name=navigationBarBackground, visibility=VISIBLE, width=1080, height=132, has-focus=false, has-focusable=false, has-window-focus=true, is-clickable=false, is-enabled=true, is-focused=false, is-focusable=false, is-layout-requested=false, is-selected=false, layout-params=android.widget.FrameLayout$LayoutParams@18e29aa, tag=null, root-is-layout-requested=false, has-input-connection=false, x=0.0, y=2208.0}
09-20 12:59:43.190 15020 15043 E TestRunner: |
09-20 12:59:43.190 15020 15043 E TestRunner: +->View{id=16908335, res-name=statusBarBackground, visibility=VISIBLE, width=1080, height=145, has-focus=false, has-focusable=false, has-window-focus=true, is-clickable=false, is-enabled=true, is-focused=false, is-focusable=false, is-layout-requested=false, is-selected=false, layout-params=android.widget.FrameLayout$LayoutParams@db5b99b, tag=null, root-is-layout-requested=false, has-input-connection=false, x=0.0, y=0.0}
09-20 12:59:43.190 15020 15043 E TestRunner: 	at dalvik.system.VMStack.getThreadStackTrace(Native Method)
09-20 12:59:43.190 15020 15043 E TestRunner: 	at java.lang.Thread.getStackTrace(Thread.java:1724)
09-20 12:59:43.190 15020 15043 E TestRunner: 	at androidx.test.espresso.base.DefaultFailureHandler.getUserFriendlyError(DefaultFailureHandler.java:12)
09-20 12:59:43.190 15020 15043 E TestRunner: 	at androidx.test.espresso.base.DefaultFailureHandler.handle(DefaultFailureHandler.java:7)
09-20 12:59:43.190 15020 15043 E TestRunner: 	at androidx.test.espresso.ViewInteraction.waitForAndHandleInteractionResults(ViewInteraction.java:8)
09-20 12:59:43.190 15020 15043 E TestRunner: 	at androidx.test.espresso.ViewInteraction.check(ViewInteraction.java:12)
09-20 12:59:43.190 15020 15043 E TestRunner: 	at com.example.dogglers.VerticalListTests.vertical_scrolling(VerticalListTests.kt:56)
09-20 12:59:43.190 15020 15043 E TestRunner: 	at java.lang.reflect.Method.invoke(Native Method)
09-20 12:59:43.190 15020 15043 E TestRunner: 	at org.junit.runners.model.FrameworkMethod$1.runReflectiveCall(FrameworkMethod.java:50)
09-20 12:59:43.190 15020 15043 E TestRunner: 	at org.junit.internal.runners.model.ReflectiveCallable.run(ReflectiveCallable.java:12)
09-20 12:59:43.190 15020 15043 E TestRunner: 	at org.junit.runners.model.FrameworkMethod.invokeExplosively(FrameworkMethod.java:47)
09-20 12:59:43.190 15020 15043 E TestRunner: 	at org.junit.internal.runners.statements.InvokeMethod.evaluate(InvokeMethod.java:17)
09-20 12:59:43.190 15020 15043 E TestRunner: 	at org.junit.rules.ExternalResource$1.evaluate(ExternalResource.java:48)
09-20 12:59:43.190 15020 15043 E TestRunner: 	at org.junit.rules.RunRules.evaluate(RunRules.java:20)
09-20 12:59:43.190 15020 15043 E TestRunner: 	at org.junit.runners.ParentRunner.runLeaf(ParentRunner.java:325)
09-20 12:59:43.190 15020 15043 E TestRunner: 	at org.junit.runners.BlockJUnit4ClassRunner.runChild(BlockJUnit4ClassRunner.java:78)
09-20 12:59:43.190 15020 15043 E TestRunner: 	at org.junit.runners.BlockJUnit4ClassRunner.runChild(BlockJUnit4ClassRunner.java:57)
09-20 12:59:43.190 15020 15043 E TestRunner: 	at org.junit.runners.ParentRunner$3.run(ParentRunner.java:290)
09-20 12:59:43.190 15020 15043 E TestRunner: 	at org.junit.runners.ParentRunner$1.schedule(ParentRunner.java:71)
09-20 12:59:43.190 15020 15043 E TestRunner: 	at org.junit.runners.ParentRunner.runChildren(ParentRunner.java:288)
09-20 12:59:43.190 15020 15043 E TestRunner: 	at org.junit.runners.ParentRunner.access$000(ParentRunner.java:58)
09-20 12:59:43.190 15020 15043 E TestRunner: 	at org.junit.runners.ParentRunner$2.evaluate(ParentRunner.java:268)
09-20 12:59:43.190 15020 15043 E TestRunner: 	at org.junit.runners.ParentRunner.run(ParentRunner.java:363)
09-20 12:59:43.190 15020 15043 E TestRunner: 	at androidx.test.ext.junit.runners.AndroidJUnit4.run(AndroidJUnit4.java:162)
09-20 12:59:43.190 15020 15043 E TestRunner: 	at org.junit.runners.Suite.runChild(Suite.java:128)
09-20 12:59:43.190 15020 15043 E TestRunner: 	at org.junit.runners.Suite.runChild(Suite.java:27)
09-20 12:59:43.190 15020 15043 E TestRunner: 	at org.junit.runners.ParentRunner$3.run(ParentRunner.java:290)
09-20 12:59:43.190 15020 15043 E TestRunner: 	at org.junit.runners.ParentRunner$1.schedule(ParentRunner.java:71)
09-20 12:59:43.190 15020 15043 E TestRunner: 	at org.junit.runners.ParentRunner.runChildren(ParentRunner.java:288)
09-20 12:59:43.190 15020 15043 E TestRunner: 	at org.junit.runners.ParentRunner.access$000(ParentRunner.java:58)
09-20 12:59:43.190 15020 15043 E TestRunner: 	at org.junit.runners.ParentRunner$2.evaluate(ParentRunner.java:268)
09-20 12:59:43.190 15020 15043 E TestRunner: 	at org.junit.runners.ParentRunner.run(ParentRunner.java:363)
09-20 12:59:43.190 15020 15043 E TestRunner: 	at org.junit.runner.JUnitCore.run(JUnitCore.java:137)
09-20 12:59:43.190 15020 15043 E TestRunner: 	at org.junit.runner.JUnitCore.run(JUnitCore.java:115)
09-20 12:59:43.190 15020 15043 E TestRunner: 	at androidx.test.internal.runner.TestExecutor.execute(TestExecutor.java:56)
09-20 12:59:43.190 15020 15043 E TestRunner: 	at androidx.test.runner.AndroidJUnitRunner.onStart(AndroidJUnitRunner.java:444)
09-20 12:59:43.190 15020 15043 E TestRunner: 	at android.app.Instrumentation$InstrumentationThread.run(Instrumentation.java:2248)
09-20 12:59:43.190 15020 15043 E TestRunner: ----- end exception -----
09-20 12:59:43.193 15020 15043 I TestRunner: finished: vertical_scrolling(com.example.dogglers.VerticalListTests)
